---
source: crates/ui/src/screens/battle/mod.rs
expression: "render(&s, &c).to_snapshot(&c.palette)"
---
^^......♣♣♣♣♣♣······≈≈≈≈≈≈^^^^^^......♣♣♣♣♣♣······≈≈≈≈≈≈^^^^^^......♣♣┌────────────────────────────┐
^^......♣♣♣♣♣♣······≈≈≈≈≈≈^^^^^^......♣♣♣♣♣♣······≈≈≈≈≈≈^^^^^^......♣♣│ Plain                      │
..Br♣♣♣♣······≈≈≈≈≈≈^^^^^^......♣♣♣♣♣♣······≈≈≈≈≈≈^^^^^^......♣♣♣♣♣♣··│ DEF +0  AVO +0             │
..♣♣♣♣♣♣······≈≈≈≈≈≈^^^^^^......♣♣♣♣♣♣······≈≈≈≈≈≈^^^^^^......♣♣♣♣♣♣··│                            │
♣♣······≈≈≈≈≈≈^^^^^^......♣♣♣♣♣♣······≈≈≈≈≈≈^^^^^^......♣♣♣♣♣♣······≈≈│                            │
♣♣······≈≈≈≈≈≈^^^^^^......♣♣♣♣♣♣······≈≈≈≈≈≈^^^^^^......♣♣♣♣♣♣······≈≈│ Raider                     │
··≈≈≈≈≈≈^^^^^^......♣♣♣♣♣♣······≈≈≈≈≈≈^^^^^^......♣♣♣♣♣♣······≈≈≈≈≈≈^^│ Raider  Lv 2               │
··≈≈≈≈≈≈^^^^^^......♣♣♣♣♣♣······≈≈≈≈≈≈^^^^^^......♣♣♣♣♣♣······≈≈≈≈≈≈^^│ HP 22/22   ██████████      │
≈≈^^^^^^......♣♣♣♣♣♣······≈≈≈≈≈≈^^^^^^......♣♣♣♣♣♣······≈≈≈≈≈≈^^^^^^..│ Enemy                      │
≈≈^^^^^^......♣♣♣♣♣♣······≈≈≈≈≈≈^^^^^^......♣♣♣♣♣♣······≈≈≈≈≈≈^^^^^^..│                            │
^^......♣♣♣♣♣♣······≈≈≈≈≈≈^^^^^^......♣♣♣♣♣♣······≈≈≈≈≈≈^^^^^^......♣♣│                            │
^^......♣♣♣♣♣♣······≈≈≈≈≈≈^^^^^^......♣♣♣♣♣♣······≈≈≈≈≈≈^^^^^^......♣♣│                            │
..♣♣♣♣♣♣······≈≈≈≈≈≈^^^^^^......♣♣♣♣♣♣······≈≈≈≈≈≈^^^^^^......♣♣♣♣♣♣··│                            │
..♣♣♣♣♣♣······≈≈≈≈≈≈^^^^^^......♣♣♣♣♣♣······≈≈≈≈≈≈^^^^^^......♣♣♣♣♣♣··│                            │
♣♣······≈≈≈≈≈≈^^^^^^......♣♣♣♣♣♣······≈≈≈≈≈≈^^^^^^......♣♣♣♣♣♣······≈≈│                            │
♣♣······≈≈≈≈≈≈^^^^^^......♣♣♣♣♣♣······≈≈≈≈≈≈^^^^^^......♣♣♣♣♣♣······≈≈│                            │
··≈≈≈≈≈≈^^^^^^......♣♣♣♣♣♣······≈≈≈≈≈≈^^^^^^......♣♣♣♣♣♣······≈≈≈≈≈≈^^│                            │
··≈≈≈≈≈≈^^^^^^......♣♣♣♣♣♣······≈≈≈≈≈≈^^^^^^......♣♣♣♣♣♣······≈≈≈≈≈≈^^│                            │
≈≈^^^^^^......♣♣♣♣♣♣······≈≈≈≈≈≈^^^^^^......♣♣♣♣♣♣······≈≈≈≈≈≈^^^^^^..│                            │
≈≈^^^^^^......♣♣♣♣♣♣······≈≈≈≈≈≈^^^^^^......♣♣♣♣♣♣······≈≈≈≈≈≈^^^^^^..│                            │
^^......♣♣♣♣♣♣······≈≈≈≈≈≈^^^^^^......♣♣♣♣♣♣······≈≈≈≈≈≈^^^^^^......♣♣│                            │
^^......♣♣♣♣♣♣······≈≈≈≈≈≈^^^^^^......♣♣♣♣♣♣······≈≈≈≈≈≈^^^^^^......♣♣│                            │
..♣♣♣♣♣♣······≈≈≈≈≈≈^^^^^^......♣♣♣♣♣♣······≈≈≈≈≈≈^^^^^^......♣♣♣♣♣♣··│                            │
..♣♣♣♣♣♣······≈≈≈≈≈≈^^^^^^......♣♣♣♣♣♣······≈≈≈≈≈≈^^^^^^......♣♣♣♣♣♣··│                            │
♣♣······≈≈≈≈≈≈^^^^^^......♣♣♣♣♣♣······≈≈≈≈≈≈^^^^^^......♣♣♣♣♣♣······≈≈│                            │
♣♣······≈≈≈≈≈≈^^^^^^......♣♣♣♣♣♣······≈≈≈≈≈≈^^^^^^......♣♣♣♣♣♣······≈≈│                            │
··≈≈≈≈≈≈^^^^^^......♣♣♣♣♣♣······≈≈≈≈≈≈^^^^^^......♣♣♣♣♣♣······≈≈≈≈≈≈^^│                            │
··≈≈≈≈≈≈^^^^^^......♣♣♣♣♣♣······≈≈≈≈≈≈^^^^^^......♣♣♣♣♣♣······≈≈≈≈≈≈^^│                            │
≈≈^^^^^^......♣♣♣♣♣♣······≈≈≈≈≈≈^^^^^^......♣♣♣♣♣♣······≈≈≈≈≈≈^^^^^^..│                            │
≈≈^^^^^^......♣♣♣♣♣♣······≈≈≈≈≈≈^^^^^^......♣♣♣♣♣♣······≈≈≈≈≈≈^^^^^^Ra└────────────────────────────┘
                                                     w danger zone: OFF · Shift+Space auto-end: OFF 
 arrows move · f range · e info · s next unit · r rewind · d menu · Space end turn         F2 debug 
--- colours ---
aabbbbbbccccccddddddeeeeeeaaaaaabbbbbbccccccddddddeeeeeeaaaaaabbbbbbccffffffffffffffffffffffffffffff
aabbbbbbccccccddddddeeeeeeaaaaaabbbbbbccccccddddddeeeeeeaaaaaabbbbbbccfghhhhhggggggggggggggggggggggf
bbiiccccddddddeeeeeeaaaaaabbbbbbccccccddddddeeeeeeaaaaaabbbbbbccccccddfggggggggggggggggggggggggggggf
bbccccccddddddeeeeeeaaaaaabbbbbbccccccddddddeeeeeeaaaaaabbbbbbccccccddfggggggggggggggggggggggggggggf
ccddddddeeeeeeaaaaaabbbbbbccccccddddddeeeeeeaaaaaabbbbbbccccccddddddeefggggggggggggggggggggggggggggf
ccddddddeeeeeeaaaaaabbbbbbccccccddddddeeeeeeaaaaaabbbbbbccccccddddddeefgjjjjjjgggggggggggggggggggggf
ddeeeeeeaaaaaabbbbbbccccccddddddeeeeeeaaaaaabbbbbbccccccddddddeeeeeeaafggggggggggggggggggggggggggggf
ddeeeeeeaaaaaabbbbbbccccccddddddeeeeeeaaaaaabbbbbbccccccddddddeeeeeeaafggggggggggggkkkkkkkkkkggggggf
eeaaaaaabbbbbbccccccddddddeeeeeeaaaaaabbbbbbccccccddddddeeeeeeaaaaaabbfglllllggggggggggggggggggggggf
eeaaaaaabbbbbbccccccddddddeeeeeeaaaaaabbbbbbccccccddddddeeeeeeaaaaaabbfggggggggggggggggggggggggggggf
aabbbbbbccccccddddddeeeeeeaaaaaabbbbbbccccccddddddeeeeeeaaaaaabbbbbbccfggggggggggggggggggggggggggggf
aabbbbbbccccccddddddeeeeeeaaaaaabbbbbbccccccddddddeeeeeeaaaaaabbbbbbccfggggggggggggggggggggggggggggf
bbccccccddddddeeeeeeaaaaaabbbbbbccccccddddddeeeeeeaaaaaabbbbbbccccccddfggggggggggggggggggggggggggggf
bbccccccddddddeeeeeeaaaaaabbbbbbccccccddddddeeeeeeaaaaaabbbbbbccccccddfggggggggggggggggggggggggggggf
ccddddddeeeeeeaaaaaabbbbbbccccccddddddeeeeeeaaaaaabbbbbbccccccddddddeefggggggggggggggggggggggggggggf
ccddddddeeeeeeaaaaaabbbbbbccccccddddddeeeeeeaaaaaabbbbbbccccccddddddeefggggggggggggggggggggggggggggf
ddeeeeeeaaaaaabbbbbbccccccddddddeeeeeeaaaaaabbbbbbccccccddddddeeeeeeaafggggggggggggggggggggggggggggf
ddeeeeeeaaaaaabbbbbbccccccddddddeeeeeeaaaaaabbbbbbccccccddddddeeeeeeaafggggggggggggggggggggggggggggf
eeaaaaaabbbbbbccccccddddddeeeeeeaaaaaabbbbbbccccccddddddeeeeeeaaaaaabbfggggggggggggggggggggggggggggf
eeaaaaaabbbbbbccccccddddddeeeeeeaaaaaabbbbbbccccccddddddeeeeeeaaaaaabbfggggggggggggggggggggggggggggf
aabbbbbbccccccddddddeeeeeeaaaaaabbbbbbccccccddddddeeeeeeaaaaaabbbbbbccfggggggggggggggggggggggggggggf
aabbbbbbccccccddddddeeeeeeaaaaaabbbbbbccccccddddddeeeeeeaaaaaabbbbbbccfggggggggggggggggggggggggggggf
bbccccccddddddeeeeeeaaaaaabbbbbbccccccddddddeeeeeeaaaaaabbbbbbccccccddfggggggggggggggggggggggggggggf
bbccccccddddddeeeeeeaaaaaabbbbbbccccccddddddeeeeeeaaaaaabbbbbbccccccddfggggggggggggggggggggggggggggf
ccddddddeeeeeeaaaaaabbbbbbccccccddddddeeeeeeaaaaaabbbbbbccccccddddddeefggggggggggggggggggggggggggggf
ccddddddeeeeeeaaaaaabbbbbbccccccddddddeeeeeeaaaaaabbbbbbccccccddddddeefggggggggggggggggggggggggggggf
ddeeeeeeaaaaaabbbbbbccccccddddddeeeeeeaaaaaabbbbbbccccccddddddeeeeeeaafggggggggggggggggggggggggggggf
ddeeeeeeaaaaaabbbbbbccccccddddddeeeeeeaaaaaabbbbbbccccccddddddeeeeeeaafggggggggggggggggggggggggggggf
eeaaaaaabbbbbbccccccddddddeeeeeeaaaaaabbbbbbccccccddddddeeeeeeaaaaaabbfggggggggggggggggggggggggggggf
eeaaaaaabbbbbbccccccddddddeeeeeeaaaaaabbbbbbccccccddddddeeeeeeaaaaaammffffffffffffffffffffffffffffff
nnnnnnnnnnnnnnnnnnnnnnnnnnnnnnnnnnnnnnnnnnnnnnnnnnnnnoooooooooooooooooooooooooooooooooooooooooooooon
nooooooooooooooooooooooooooooooooooooooooooooooooooooooooooooooooooooooooooooooooonnnnnnnnnoooooooon
--- legend ---
a = fg:mountain bg:mountain_bg
b = fg:grass bg:grass_bg
c = fg:forest bg:forest_bg
d = fg:road bg:road_bg
e = fg:water bg:water_bg
f = fg:panel_border bg:panel_bg
g = fg:text bg:panel_bg
h = fg:text_highlight bg:panel_bg
i = fg:enemy bg:forest_bg
j = fg:enemy bg:panel_bg
k = fg:hp_high bg:panel_bg
l = fg:text_dim bg:panel_bg
m = fg:enemy bg:grass_bg
n = fg:text bg:black
o = fg:text_dim bg:black
--- overlays ---
over  17,46 14x2  hp_high
over  545,478 14x2  hp_high
over  543,464 3x1  cursor
over  543,464 1x3  cursor
over  557,464 3x1  cursor
over  559,464 1x3  cursor
over  543,477 3x1  cursor
over  543,475 1x3  cursor
over  557,477 3x1  cursor
over  559,475 1x3  cursor
