---
source: crates/ui/src/screens/battle/magic_tests.rs
expression: buf.to_snapshot(&c.palette)
---
                                                                      ╔════════════════════════════╗
                                                                      ║ Forest                     ║
                                                                      ║ DEF +1  AVO +20            ║
                                                                      ║                            ║
                                                                      ║                            ║
                                                                      ║                            ║
                                                                      ║                            ║
                                                                      ║                            ║
                                                                      ║                            ║
                                                                      ║                            ║
                                                                      ║                            ║
                    ≈≈≈≈≈≈≈≈≈≈....♣♣♣♣♠♠♠♠^^^^▲▲                      ║                            ║
                    ≈≈≈≈≈≈≈≈....··Ra··♣♣♣♣^^^^^^                      ║                            ║
                    ≈≈≈≈≈≈====······....♣♣♣♣....                      ║                            ║
                    ..≈≈≈≈..··..............╦╦..                      ║                            ║
                    MaFrBr····....Br..▓▓▓▓▓▓▓▓..                      ║                            ║
                    Kn**··Lo..╦╦......▓▓░░╦╦▓▓..                      ║                            ║
                    **♣♣··..Ar........▓▓░░░░▓▓..                      ║                            ║
                    ♣♣♠♠··............▓▓▓▓▐▌▓▓..                      ║                            ║
                                                                      ║                            ║
                                                                      ║                            ║
                                                                      ║                            ║
                                                                      ║                            ║
                                                                      ║                            ║
                                                                      ║                            ║
                                                                      ║                            ║
                                                                      ║                            ║
                                                                      ║                            ║
                                                                      ║                            ║
                                                                      ╚════════════════════════════╝
 Forest → Burning (1 round)                          w danger zone: OFF · Shift+Space auto-end: OFF 
 arrows next target · f cast · d back                                                      F2 debug 
--- colours ---
aaaaaaaaaaaaaaaaaaaaaaaaaaaaaaaaaaaaaaaaaaaaaaaaaaaaaaaaaaaaaaaaaaaaaabbbbbbbbbbbbbbbbbbbbbbbbbbbbbb
aaaaaaaaaaaaaaaaaaaaaaaaaaaaaaaaaaaaaaaaaaaaaaaaaaaaaaaaaaaaaaaaaaaaaabcddddddcccccccccccccccccccccb
aaaaaaaaaaaaaaaaaaaaaaaaaaaaaaaaaaaaaaaaaaaaaaaaaaaaaaaaaaaaaaaaaaaaaabccccccccccccccccccccccccccccb
aaaaaaaaaaaaaaaaaaaaaaaaaaaaaaaaaaaaaaaaaaaaaaaaaaaaaaaaaaaaaaaaaaaaaabccccccccccccccccccccccccccccb
aaaaaaaaaaaaaaaaaaaaaaaaaaaaaaaaaaaaaaaaaaaaaaaaaaaaaaaaaaaaaaaaaaaaaabccccccccccccccccccccccccccccb
aaaaaaaaaaaaaaaaaaaaaaaaaaaaaaaaaaaaaaaaaaaaaaaaaaaaaaaaaaaaaaaaaaaaaabccccccccccccccccccccccccccccb
aaaaaaaaaaaaaaaaaaaaaaaaaaaaaaaaaaaaaaaaaaaaaaaaaaaaaaaaaaaaaaaaaaaaaabccccccccccccccccccccccccccccb
aaaaaaaaaaaaaaaaaaaaaaaaaaaaaaaaaaaaaaaaaaaaaaaaaaaaaaaaaaaaaaaaaaaaaabccccccccccccccccccccccccccccb
aaaaaaaaaaaaaaaaaaaaaaaaaaaaaaaaaaaaaaaaaaaaaaaaaaaaaaaaaaaaaaaaaaaaaabccccccccccccccccccccccccccccb
aaaaaaaaaaaaaaaaaaaaaaaaaaaaaaaaaaaaaaaaaaaaaaaaaaaaaaaaaaaaaaaaaaaaaabccccccccccccccccccccccccccccb
aaaaaaaaaaaaaaaaaaaaaaaaaaaaaaaaaaaaaaaaaaaaaaaaaaaaaaaaaaaaaaaaaaaaaabccccccccccccccccccccccccccccb
aaaaaaaaaaaaaaaaaaaaeeeeeeffffgggghhhhiiiijjjjkkaaaaaaaaaaaaaaaaaaaaaabccccccccccccccccccccccccccccb
aaaaaaaaaaaaaaaaaaaaeeeeffffggggllmmllhhhhjjjjjjaaaaaaaaaaaaaaaaaaaaaabccccccccccccccccccccccccccccb
aaaaaaaaaaaaaaaaaaaaeeffffnnnnllllllgggghhhhggggaaaaaaaaaaaaaaaaaaaaaabccccccccccccccccccccccccccccb
aaaaaaaaaaaaaaaaaaaaggffffggllggggggggggggggooggaaaaaaaaaaaaaaaaaaaaaabccccccccccccccccccccccccccccb
aaaaaaaaaaaaaaaaaaaappqqrrllllggggssggttttttttggaaaaaaaaaaaaaaaaaaaaaabccccccccccccccccccccccccccccb
aaaaaaaaaaaaaaaaaaaappuullppggooggggggttvvoottggaaaaaaaaaaaaaaaaaaaaaabccccccccccccccccccccccccccccb
aaaaaaaaaaaaaaaaaaaauuhhllggppggggggggttvvvvttggaaaaaaaaaaaaaaaaaaaaaabccccccccccccccccccccccccccccb
aaaaaaaaaaaaaaaaaaaahhiillggggggggggggttttwwttggaaaaaaaaaaaaaaaaaaaaaabccccccccccccccccccccccccccccb
aaaaaaaaaaaaaaaaaaaaaaaaaaaaaaaaaaaaaaaaaaaaaaaaaaaaaaaaaaaaaaaaaaaaaabccccccccccccccccccccccccccccb
aaaaaaaaaaaaaaaaaaaaaaaaaaaaaaaaaaaaaaaaaaaaaaaaaaaaaaaaaaaaaaaaaaaaaabccccccccccccccccccccccccccccb
aaaaaaaaaaaaaaaaaaaaaaaaaaaaaaaaaaaaaaaaaaaaaaaaaaaaaaaaaaaaaaaaaaaaaabccccccccccccccccccccccccccccb
aaaaaaaaaaaaaaaaaaaaaaaaaaaaaaaaaaaaaaaaaaaaaaaaaaaaaaaaaaaaaaaaaaaaaabccccccccccccccccccccccccccccb
aaaaaaaaaaaaaaaaaaaaaaaaaaaaaaaaaaaaaaaaaaaaaaaaaaaaaaaaaaaaaaaaaaaaaabccccccccccccccccccccccccccccb
aaaaaaaaaaaaaaaaaaaaaaaaaaaaaaaaaaaaaaaaaaaaaaaaaaaaaaaaaaaaaaaaaaaaaabccccccccccccccccccccccccccccb
aaaaaaaaaaaaaaaaaaaaaaaaaaaaaaaaaaaaaaaaaaaaaaaaaaaaaaaaaaaaaaaaaaaaaabccccccccccccccccccccccccccccb
aaaaaaaaaaaaaaaaaaaaaaaaaaaaaaaaaaaaaaaaaaaaaaaaaaaaaaaaaaaaaaaaaaaaaabccccccccccccccccccccccccccccb
aaaaaaaaaaaaaaaaaaaaaaaaaaaaaaaaaaaaaaaaaaaaaaaaaaaaaaaaaaaaaaaaaaaaaabccccccccccccccccccccccccccccb
aaaaaaaaaaaaaaaaaaaaaaaaaaaaaaaaaaaaaaaaaaaaaaaaaaaaaaaaaaaaaaaaaaaaaabccccccccccccccccccccccccccccb
aaaaaaaaaaaaaaaaaaaaaaaaaaaaaaaaaaaaaaaaaaaaaaaaaaaaaaaaaaaaaaaaaaaaaabbbbbbbbbbbbbbbbbbbbbbbbbbbbbb
aaaaaaaaaaaaaaaaaaaaaaaaaaaaaaaaaaaaaaaaaaaaaaaaaaaaaxxxxxxxxxxxxxxxxxxxxxxxxxxxxxxxxxxxxxxxxxxxxxxa
axxxxxxxxxxxxxxxxxxxxxxxxxxxxxxxxxxxxaaaaaaaaaaaaaaaaaaaaaaaaaaaaaaaaaaaaaaaaaaaaaaaaaaaaaaxxxxxxxxa
--- legend ---
a = fg:text bg:black
b = fg:panel_border bg:panel_bg
c = fg:text bg:panel_bg
d = fg:text_highlight bg:panel_bg
e = fg:water bg:sea
f = fg:water bg:water_bg
g = fg:grass bg:grass_bg
h = fg:forest bg:forest_bg
i = fg:thicket bg:thicket_bg
j = fg:mountain bg:mountain_bg
k = fg:peak bg:peak_bg
l = fg:road bg:road_bg
m = fg:enemy bg:road_bg
n = fg:wood bg:water_bg
o = fg:fort bg:fort_bg
p = fg:player bg:grass_bg
q = fg:enemy bg:#4c271c
r = fg:enemy bg:#50281d
s = fg:enemy bg:grass_bg
t = fg:stone bg:stone_bg
u = fg:fire bg:fire_bg
v = fg:floor bg:floor_bg
w = fg:wood bg:stone_bg
x = fg:text_dim bg:black
--- overlays ---
over  209,270 14x2  hp_high
over  161,270 14x2  hp_high
over  225,286 14x2  hp_high
over  193,254 14x2  hp_high
over  273,254 14x2  hp_high
over  273,206 14x2  hp_high
over  177,254 14x2  hp_high
over  161,254 14x2  hp_high
over  175,256 3x1  cursor
over  175,256 1x3  cursor
over  189,256 3x1  cursor
over  191,256 1x3  cursor
over  175,269 3x1  cursor
over  175,267 1x3  cursor
over  189,269 3x1  cursor
over  191,267 1x3  cursor
