---
source: crates/ui/src/screens/battle/mod.rs
expression: buf.to_snapshot(&c.palette)
---
                                                                      ┌────────────────────────────┐
                                                                      │ Plain                      │
                                                                      │ DEF +0  AVO +0             │
                                                                      │                            │
                                                                      │                            │
                                                                      │                            │
                                                                      │                            │
                                                                      │                            │
                                                                      │                            │
                                                                      │                            │
                                                                      │                            │
                    ≈≈≈≈≈≈≈≈≈≈....♣♣♣♣♠♠♠♠^^^^▲▲                      │                            │
                    ≈≈≈≈≈≈≈≈....··Ra··♣♣♣♣^^^^^^                      │                            │
                    ≈≈≈≈≈≈====······Br..♣♣♣♣....                      │                            │
                    ..≈≈≈≈..··..............╦╦..                      │                            │
                    ....Ar····....Br..▓▓▓▓▓▓▓▓..                      │                            │
                    ..♣♣··Lo..╦╦......▓▓░░╦╦▓▓..                      │                            │
                    ♣♣♣♣··MaKn........▓▓░░░░▓▓..                      │                            │
                    ♣♣♠♠··..........Fr▓▓▓▓▐▌▓▓..                      │                            │
                                                                      │                            │
                                                                      │                            │
                                                                      │                            │
                                                                      │                            │
                                                                      │                            │
                                                                      │                            │
                                                                      │                            │
                                                                      │                            │
                                                                      │                            │
                                                                      │                            │
                                                                      └────────────────────────────┘
                                                     w danger zone: OFF · Shift+Space auto-end: OFF 
 arrows move · f menu · s next unit · r rewind · d menu · Space end turn                   F2 debug 
--- colours ---
aaaaaaaaaaaaaaaaaaaaaaaaaaaaaaaaaaaaaaaaaaaaaaaaaaaaaaaaaaaaaaaaaaaaaabbbbbbbbbbbbbbbbbbbbbbbbbbbbbb
aaaaaaaaaaaaaaaaaaaaaaaaaaaaaaaaaaaaaaaaaaaaaaaaaaaaaaaaaaaaaaaaaaaaaabcdddddccccccccccccccccccccccb
aaaaaaaaaaaaaaaaaaaaaaaaaaaaaaaaaaaaaaaaaaaaaaaaaaaaaaaaaaaaaaaaaaaaaabccccccccccccccccccccccccccccb
aaaaaaaaaaaaaaaaaaaaaaaaaaaaaaaaaaaaaaaaaaaaaaaaaaaaaaaaaaaaaaaaaaaaaabccccccccccccccccccccccccccccb
aaaaaaaaaaaaaaaaaaaaaaaaaaaaaaaaaaaaaaaaaaaaaaaaaaaaaaaaaaaaaaaaaaaaaabccccccccccccccccccccccccccccb
aaaaaaaaaaaaaaaaaaaaaaaaaaaaaaaaaaaaaaaaaaaaaaaaaaaaaaaaaaaaaaaaaaaaaabccccccccccccccccccccccccccccb
aaaaaaaaaaaaaaaaaaaaaaaaaaaaaaaaaaaaaaaaaaaaaaaaaaaaaaaaaaaaaaaaaaaaaabccccccccccccccccccccccccccccb
aaaaaaaaaaaaaaaaaaaaaaaaaaaaaaaaaaaaaaaaaaaaaaaaaaaaaaaaaaaaaaaaaaaaaabccccccccccccccccccccccccccccb
aaaaaaaaaaaaaaaaaaaaaaaaaaaaaaaaaaaaaaaaaaaaaaaaaaaaaaaaaaaaaaaaaaaaaabccccccccccccccccccccccccccccb
aaaaaaaaaaaaaaaaaaaaaaaaaaaaaaaaaaaaaaaaaaaaaaaaaaaaaaaaaaaaaaaaaaaaaabccccccccccccccccccccccccccccb
aaaaaaaaaaaaaaaaaaaaaaaaaaaaaaaaaaaaaaaaaaaaaaaaaaaaaaaaaaaaaaaaaaaaaabccccccccccccccccccccccccccccb
aaaaaaaaaaaaaaaaaaaaeeeeeeffffgggghhhhiiiijjjjkkaaaaaaaaaaaaaaaaaaaaaabccccccccccccccccccccccccccccb
aaaaaaaaaaaaaaaaaaaaeeeeffffggggllmmllhhhhjjjjjjaaaaaaaaaaaaaaaaaaaaaabccccccccccccccccccccccccccccb
aaaaaaaaaaaaaaaaaaaaeeffffnnnnlllllloogghhhhggggaaaaaaaaaaaaaaaaaaaaaabccccccccccccccccccccccccccccb
aaaaaaaaaaaaaaaaaaaaggffffggllggggggggggggggppggaaaaaaaaaaaaaaaaaaaaaabccccccccccccccccccccccccccccb
aaaaaaaaaaaaaaaaaaaaggggqqllllggggooggrrrrrrrrggaaaaaaaaaaaaaaaaaaaaaabccccccccccccccccccccccccccccb
aaaaaaaaaaaaaaaaaaaagghhllssggppggggggrrttpprrggaaaaaaaaaaaaaaaaaaaaaabccccccccccccccccccccccccccccb
aaaaaaaaaaaaaaaaaaaahhhhllssssggggggggrrttttrrggaaaaaaaaaaaaaaaaaaaaaabccccccccccccccccccccccccccccb
aaaaaaaaaaaaaaaaaaaahhiillggggggggggoorrrruurrggaaaaaaaaaaaaaaaaaaaaaabccccccccccccccccccccccccccccb
aaaaaaaaaaaaaaaaaaaaaaaaaaaaaaaaaaaaaaaaaaaaaaaaaaaaaaaaaaaaaaaaaaaaaabccccccccccccccccccccccccccccb
aaaaaaaaaaaaaaaaaaaaaaaaaaaaaaaaaaaaaaaaaaaaaaaaaaaaaaaaaaaaaaaaaaaaaabccccccccccccccccccccccccccccb
aaaaaaaaaaaaaaaaaaaaaaaaaaaaaaaaaaaaaaaaaaaaaaaaaaaaaaaaaaaaaaaaaaaaaabccccccccccccccccccccccccccccb
aaaaaaaaaaaaaaaaaaaaaaaaaaaaaaaaaaaaaaaaaaaaaaaaaaaaaaaaaaaaaaaaaaaaaabccccccccccccccccccccccccccccb
aaaaaaaaaaaaaaaaaaaaaaaaaaaaaaaaaaaaaaaaaaaaaaaaaaaaaaaaaaaaaaaaaaaaaabccccccccccccccccccccccccccccb
aaaaaaaaaaaaaaaaaaaaaaaaaaaaaaaaaaaaaaaaaaaaaaaaaaaaaaaaaaaaaaaaaaaaaabccccccccccccccccccccccccccccb
aaaaaaaaaaaaaaaaaaaaaaaaaaaaaaaaaaaaaaaaaaaaaaaaaaaaaaaaaaaaaaaaaaaaaabccccccccccccccccccccccccccccb
aaaaaaaaaaaaaaaaaaaaaaaaaaaaaaaaaaaaaaaaaaaaaaaaaaaaaaaaaaaaaaaaaaaaaabccccccccccccccccccccccccccccb
aaaaaaaaaaaaaaaaaaaaaaaaaaaaaaaaaaaaaaaaaaaaaaaaaaaaaaaaaaaaaaaaaaaaaabccccccccccccccccccccccccccccb
aaaaaaaaaaaaaaaaaaaaaaaaaaaaaaaaaaaaaaaaaaaaaaaaaaaaaaaaaaaaaaaaaaaaaabccccccccccccccccccccccccccccb
aaaaaaaaaaaaaaaaaaaaaaaaaaaaaaaaaaaaaaaaaaaaaaaaaaaaaaaaaaaaaaaaaaaaaabbbbbbbbbbbbbbbbbbbbbbbbbbbbbb
aaaaaaaaaaaaaaaaaaaaaaaaaaaaaaaaaaaaaaaaaaaaaaaaaaaaavvvvvvvvvvvvvvvvvvvvvvvvvvvvvvvvvvvvvvvvvvvvvva
avvvvvvvvvvvvvvvvvvvvvvvvvvvvvvvvvvvvvvvvvvvvvvvvvvvvvvvvvvvvvvvvvvvvvvvaaaaaaaaaaaaaaaaaaavvvvvvvva
--- legend ---
a = fg:text bg:black
b = fg:panel_border bg:panel_bg
c = fg:text bg:panel_bg
d = fg:text_highlight bg:panel_bg
e = fg:water bg:sea
f = fg:water bg:water_bg
g = fg:grass bg:grass_bg
h = fg:forest bg:forest_bg
i = fg:thicket bg:thicket_bg
j = fg:mountain bg:mountain_bg
k = fg:peak bg:peak_bg
l = fg:road bg:road_bg
m = fg:enemy bg:road_bg
n = fg:wood bg:water_bg
o = fg:enemy bg:grass_bg
p = fg:fort bg:fort_bg
q = fg:player bg:road_bg
r = fg:stone bg:stone_bg
s = fg:player bg:grass_bg
t = fg:floor bg:floor_bg
u = fg:wood bg:stone_bg
v = fg:text_dim bg:black
--- overlays ---
over  209,270 14x2  hp_high
over  225,286 14x2  hp_high
over  193,254 14x2  hp_high
over  289,222 14x2  hp_high
over  273,254 14x2  hp_high
over  273,206 14x2  hp_high
over  289,302 14x2  hp_high
over  209,286 14x2  hp_high
over  255,256 3x1  cursor
over  255,256 1x3  cursor
over  269,256 3x1  cursor
over  271,256 1x3  cursor
over  255,269 3x1  cursor
over  255,267 1x3  cursor
over  269,269 3x1  cursor
over  271,267 1x3  cursor
