---
source: crates/ui/src/screens/battle/attack_tests.rs
expression: h.snapshot()
---
                                    ┌─ Iron Bow 20/20 ───────────────┐╔═════════ Forecast ═════════╗
                                    │ Attack                         │║                            ║
                                    │ Close Shot      −2 dur  E      │║ Test Archer   Brigand      ║
                                    │ Pinning Shot    −3 dur  D      │║ Iron Bow      Iron Axe     ║
                                    │ Vault           −1 dur  active │║ 20/20         20/20        ║
                                    └────────────────────────────────┘║ HP 17 █████   HP 12 ▒▒▒░░  ║
                                                                      ║ Hit  91       Hit  --      ║
                                                                      ║ Crit 3        Crit --      ║
                                                                      ║                            ║
                                                                      ║ ────────────────────────── ║
                                                                      ║  8 dmg   →  1   no counter ║
                    ≈≈≈≈≈≈≈≈≈≈....♣♣♣♣♠♠♠♠^^^^▲▲                      ║  8 dmg   →  2              ║
                    ≈≈≈≈≈≈≈≈....··Ra··♣♣♣♣^^^^^^                      ║ ────────────────────────── ║
                    ≈≈≈≈≈≈====··Lo··Br..♣♣♣♣....                      ║ 16 ×2     Total            ║
                    ..≈≈≈≈..··..............╦╦..                      ║                            ║
                    ....······....BrAr▓▓▓▓▓▓▓▓..                      ║                            ║
                    ..♣♣··....╦╦......▓▓░░╦╦▓▓..                      ║                            ║
                    ♣♣♣♣··MaKn........▓▓░░░░▓▓..                      ║                            ║
                    ♣♣♠♠··..........Fr▓▓▓▓▐▌▓▓..                      ║                            ║
                                                                      ║                            ║
                                                                      ║                            ║
                                                                      ║                            ║
                                                                      ║                            ║
                                                                      ║                            ║
                                                                      ║                            ║
                                                                      ║                            ║
                                                                      ║                            ║
                                                                      ║                            ║
                                                                      ║                            ║
                                                                      ╚════════════════════════════╝
                                                     w danger zone: OFF · Shift+Space auto-end: OFF 
 Left/Right target · Up/Down art · f attack · d back                                       F2 debug 
--- colours ---
aaaaaaaaaaaaaaaaaaaaaaaaaaaaaaaaaaaabbccccccccccddddddbbbbbbbbbbbbbbbbbbbbbbbbbbccccccccccbbbbbbbbbb
aaaaaaaaaaaaaaaaaaaaaaaaaaaaaaaaaaaabeeeeeeeeeeeeeeeeeeeeeeeeeeeeeeeebbddddddddddddddddddddddddddddb
aaaaaaaaaaaaaaaaaaaaaaaaaaaaaaaaaaaabddddddddddddddddddddddddddddddddbbdfffffffffffdddgggggggddddddb
aaaaaaaaaaaaaaaaaaaaaaaaaaaaaaaaaaaabddddddddddddddddddddddddddddddddbbdhhhhhhhhddddddhhhhhhhhdddddb
aaaaaaaaaaaaaaaaaaaaaaaaaaaaaaaaaaaabddddddddddddddddddddddddddddddddbbdhhhhhdddddddddhhhhhddddddddb
aaaaaaaaaaaaaaaaaaaaaaaaaaaaaaaaaaaabbbbbbbbbbbbbbbbbbbbbbbbbbbbbbbbbbbdhhddddiiiiidddhhddddjjjhhddb
aaaaaaaaaaaaaaaaaaaaaaaaaaaaaaaaaaaaaaaaaaaaaaaaaaaaaaaaaaaaaaaaaaaaaabdhhhdddddddddddhhhddddddddddb
aaaaaaaaaaaaaaaaaaaaaaaaaaaaaaaaaaaaaaaaaaaaaaaaaaaaaaaaaaaaaaaaaaaaaabdhhhhddddddddddhhhhdddddddddb
aaaaaaaaaaaaaaaaaaaaaaaaaaaaaaaaaaaaaaaaaaaaaaaaaaaaaaaaaaaaaaaaaaaaaabddddddddddddddddddddddddddddb
aaaaaaaaaaaaaaaaaaaaaaaaaaaaaaaaaaaaaaaaaaaaaaaaaaaaaaaaaaaaaaaaaaaaaabdbbbbbbbbbbbbbbbbbbbbbbbbbbdb
aaaaaaaaaaaaaaaaaaaaaaaaaaaaaaaaaaaaaaaaaaaaaaaaaaaaaaaaaaaaaaaaaaaaaabddddddddddhddhdddhhhhhhhhhhdb
aaaaaaaaaaaaaaaaaaaakkkkkkllllmmmmnnnnooooppppqqaaaaaaaaaaaaaaaaaaaaaabddddddddddhddhddddddddddddddb
aaaaaaaaaaaaaaaaaaaakkkkllllmmmmrrssrrnnnnppppppaaaaaaaaaaaaaaaaaaaaaabdbbbbbbbbbbbbbbbbbbbbbbbbbbdb
aaaaaaaaaaaaaaaaaaaakkllllttttrruurrvvmmnnnnmmmmaaaaaaaaaaaaaaaaaaaaaabdddddddddddhhhhhddddddddddddb
aaaaaaaaaaaaaaaaaaaammllllmmrrmmmmmmmmmmmmmmwwmmaaaaaaaaaaaaaaaaaaaaaabddddddddddddddddddddddddddddb
aaaaaaaaaaaaaaaaaaaammmmrrrrrrmmmmvvxxyyyyyyyymmaaaaaaaaaaaaaaaaaaaaaabddddddddddddddddddddddddddddb
aaaaaaaaaaaaaaaaaaaammnnrrmmmmwwmmmmmmyyzzwwyymmaaaaaaaaaaaaaaaaaaaaaabddddddddddddddddddddddddddddb
aaaaaaaaaaaaaaaaaaaannnnrrxxxxmmmmmmmmyyzzzzyymmaaaaaaaaaaaaaaaaaaaaaabddddddddddddddddddddddddddddb
aaaaaaaaaaaaaaaaaaaannoorrmmmmmmmmmmAAyyyyBByymmaaaaaaaaaaaaaaaaaaaaaabddddddddddddddddddddddddddddb
aaaaaaaaaaaaaaaaaaaaaaaaaaaaaaaaaaaaaaaaaaaaaaaaaaaaaaaaaaaaaaaaaaaaaabddddddddddddddddddddddddddddb
aaaaaaaaaaaaaaaaaaaaaaaaaaaaaaaaaaaaaaaaaaaaaaaaaaaaaaaaaaaaaaaaaaaaaabddddddddddddddddddddddddddddb
aaaaaaaaaaaaaaaaaaaaaaaaaaaaaaaaaaaaaaaaaaaaaaaaaaaaaaaaaaaaaaaaaaaaaabddddddddddddddddddddddddddddb
aaaaaaaaaaaaaaaaaaaaaaaaaaaaaaaaaaaaaaaaaaaaaaaaaaaaaaaaaaaaaaaaaaaaaabddddddddddddddddddddddddddddb
aaaaaaaaaaaaaaaaaaaaaaaaaaaaaaaaaaaaaaaaaaaaaaaaaaaaaaaaaaaaaaaaaaaaaabddddddddddddddddddddddddddddb
aaaaaaaaaaaaaaaaaaaaaaaaaaaaaaaaaaaaaaaaaaaaaaaaaaaaaaaaaaaaaaaaaaaaaabddddddddddddddddddddddddddddb
aaaaaaaaaaaaaaaaaaaaaaaaaaaaaaaaaaaaaaaaaaaaaaaaaaaaaaaaaaaaaaaaaaaaaabddddddddddddddddddddddddddddb
aaaaaaaaaaaaaaaaaaaaaaaaaaaaaaaaaaaaaaaaaaaaaaaaaaaaaaaaaaaaaaaaaaaaaabddddddddddddddddddddddddddddb
aaaaaaaaaaaaaaaaaaaaaaaaaaaaaaaaaaaaaaaaaaaaaaaaaaaaaaaaaaaaaaaaaaaaaabddddddddddddddddddddddddddddb
aaaaaaaaaaaaaaaaaaaaaaaaaaaaaaaaaaaaaaaaaaaaaaaaaaaaaaaaaaaaaaaaaaaaaabddddddddddddddddddddddddddddb
aaaaaaaaaaaaaaaaaaaaaaaaaaaaaaaaaaaaaaaaaaaaaaaaaaaaaaaaaaaaaaaaaaaaaabbbbbbbbbbbbbbbbbbbbbbbbbbbbbb
aaaaaaaaaaaaaaaaaaaaaaaaaaaaaaaaaaaaaaaaaaaaaaaaaaaaaCCCCCCCCCCCCCCCCCCCCCCCCCCCCCCCCCCCCCCCCCCCCCCa
aCCCCCCCCCCCCCCCCCCCCCCCCCCCCCCCCCCCCCCCCCCCCCCCCCCCaaaaaaaaaaaaaaaaaaaaaaaaaaaaaaaaaaaaaaaCCCCCCCCa
--- legend ---
a = fg:text bg:black
b = fg:panel_border bg:panel_bg
c = fg:text_highlight bg:panel_bg
d = fg:text bg:panel_bg
e = fg:panel_bg bg:panel_border_focus
f = fg:player bg:panel_bg
g = fg:enemy bg:panel_bg
h = fg:text_dim bg:panel_bg
i = fg:hp_high bg:panel_bg
j = fg:hp_low bg:panel_bg
k = fg:water bg:sea
l = fg:water bg:water_bg
m = fg:grass bg:grass_bg
n = fg:forest bg:forest_bg
o = fg:thicket bg:thicket_bg
p = fg:mountain bg:mountain_bg
q = fg:peak bg:peak_bg
r = fg:road bg:road_bg
s = fg:enemy bg:road_bg
t = fg:wood bg:water_bg
u = fg:player bg:road_bg
v = fg:enemy bg:#4c271c
w = fg:fort bg:fort_bg
x = fg:player bg:grass_bg
y = fg:stone bg:stone_bg
z = fg:floor bg:floor_bg
A = fg:enemy bg:grass_bg
B = fg:wood bg:stone_bg
C = fg:text_dim bg:black
--- overlays ---
over  257,222 14x2  hp_high
over  225,286 14x2  hp_high
over  289,254 14x2  hp_high
over  289,222 8x2  hp_mid
over  297,222 6x2  black
over  273,254 14x2  hp_high
over  273,206 14x2  hp_high
over  289,302 14x2  hp_high
over  209,286 14x2  hp_high
over  287,208 3x1  cursor
over  287,208 1x3  cursor
over  301,208 3x1  cursor
over  303,208 1x3  cursor
over  287,221 3x1  cursor
over  287,219 1x3  cursor
over  301,221 3x1  cursor
over  303,219 1x3  cursor
over  634,180 4x1  hp_low
over  633,181 6x1  hp_low
over  632,182 8x1  hp_low
over  632,183 1x1  hp_low
over  635,183 2x1  hp_low
over  639,183 1x1  hp_low
over  632,184 1x1  hp_low
over  635,184 2x1  hp_low
over  639,184 1x1  hp_low
over  632,185 3x1  hp_low
over  637,185 3x1  hp_low
over  633,186 6x1  hp_low
over  633,187 1x1  hp_low
over  635,187 2x1  hp_low
over  638,187 1x1  hp_low
over  634,188 4x1  hp_low
