---
source: crates/ui/src/screens/battle/turn_tests.rs
expression: buf.to_snapshot(&c.palette)
---
                                                                      ┌────────────────────────────┐
                                                                      │ Plain                      │
                                                                      │ DEF +0  AVO +0             │
                                                                      │                            │
                                                                      │                            │
                                                                      │ Test Lord                  │
                                                                      │ Exile  Lv 1                │
                                                                      │ HP 19/19   ██████████      │
                                                                      │ Player                     │
                                                                      │                            │
                                                                      │                            │
                    ≈≈≈≈≈≈≈≈≈≈....♣♣♣♣♠♠♠♠^^^^▲▲                      │                            │
                    ≈≈≈≈≈≈≈≈....··Ra··♣♣♣♣^^^^^^                      │                            │
                    ≈≈≈≈≈≈====······Br..♣♣♣♣....                      │                            │
                    ..≈≈≈≈..··..............╦╦..                      │                            │
                    ....Ar····....Br..▓▓▓▓▓▓▓▓..                      │                            │
                    ..♣♣··Lo..╦╦......▓▓░░╦╦▓▓..                      │                            │
                    ♣♣♣♣··MaKn........▓▓░░░░▓▓..                      │                            │
                    ♣♣♠♠··..........Fr▓▓▓▓▐▌▓▓..                      │                            │
                                                                      │                            │
                                                                      │                            │
                                                                      │                            │
                                                                      │                            │
                                                                      │                            │
                                                                      │                            │
                                                                      │                            │
                                                                      │                            │
                                                                      │                            │
                                                                      │                            │
                                                                      └────────────────────────────┘
                                                      w danger zone: ON · Shift+Space auto-end: OFF 
 f select · e info · s next unit · r rewind · d menu · Space end turn                      F2 debug 
--- colours ---
aaaaaaaaaaaaaaaaaaaaaaaaaaaaaaaaaaaaaaaaaaaaaaaaaaaaaaaaaaaaaaaaaaaaaabbbbbbbbbbbbbbbbbbbbbbbbbbbbbb
aaaaaaaaaaaaaaaaaaaaaaaaaaaaaaaaaaaaaaaaaaaaaaaaaaaaaaaaaaaaaaaaaaaaaabcdddddccccccccccccccccccccccb
aaaaaaaaaaaaaaaaaaaaaaaaaaaaaaaaaaaaaaaaaaaaaaaaaaaaaaaaaaaaaaaaaaaaaabccccccccccccccccccccccccccccb
aaaaaaaaaaaaaaaaaaaaaaaaaaaaaaaaaaaaaaaaaaaaaaaaaaaaaaaaaaaaaaaaaaaaaabccccccccccccccccccccccccccccb
aaaaaaaaaaaaaaaaaaaaaaaaaaaaaaaaaaaaaaaaaaaaaaaaaaaaaaaaaaaaaaaaaaaaaabccccccccccccccccccccccccccccb
aaaaaaaaaaaaaaaaaaaaaaaaaaaaaaaaaaaaaaaaaaaaaaaaaaaaaaaaaaaaaaaaaaaaaabceeeeeeeeeccccccccccccccccccb
aaaaaaaaaaaaaaaaaaaaaaaaaaaaaaaaaaaaaaaaaaaaaaaaaaaaaaaaaaaaaaaaaaaaaabccccccccccccccccccccccccccccb
aaaaaaaaaaaaaaaaaaaaaaaaaaaaaaaaaaaaaaaaaaaaaaaaaaaaaaaaaaaaaaaaaaaaaabccccccccccccffffffffffccccccb
aaaaaaaaaaaaaaaaaaaaaaaaaaaaaaaaaaaaaaaaaaaaaaaaaaaaaaaaaaaaaaaaaaaaaabcggggggcccccccccccccccccccccb
aaaaaaaaaaaaaaaaaaaaaaaaaaaaaaaaaaaaaaaaaaaaaaaaaaaaaaaaaaaaaaaaaaaaaabccccccccccccccccccccccccccccb
aaaaaaaaaaaaaaaaaaaaaaaaaaaaaaaaaaaaaaaaaaaaaaaaaaaaaaaaaaaaaaaaaaaaaabccccccccccccccccccccccccccccb
aaaaaaaaaaaaaaaaaaaahhhhhhiijjkkkkllllmmmmnnnnooaaaaaaaaaaaaaaaaaaaaaabccccccccccccccccccccccccccccb
aaaaaaaaaaaaaaaaaaaahhhhiijjkkkkppqqppllllrrnnnnaaaaaaaaaaaaaaaaaaaaaabccccccccccccccccccccccccccccb
aaaaaaaaaaaaaaaaaaaahhiijjssssppppppttkkllllkkuuaaaaaaaaaaaaaaaaaaaaaabccccccccccccccccccccccccccccb
aaaaaaaaaaaaaaaaaaaauuiijjkkppkkkkkkkkkkkkkkvvuuaaaaaaaaaaaaaaaaaaaaaabccccccccccccccccccccccccccccb
aaaaaaaaaaaaaaaaaaaauuuuwwppppkkkkttkkxxxxxxyyuuaaaaaaaaaaaaaaaaaaaaaabccccccccccccccccccccccccccccb
aaaaaaaaaaaaaaaaaaaauuzzAABBkkvvkkkkkkxxCCDDyyuuaaaaaaaaaaaaaaaaaaaaaabccccccccccccccccccccccccccccb
aaaaaaaaaaaaaaaaaaaazzzzAABBBBkkkkkkkkxxCCEEyyuuaaaaaaaaaaaaaaaaaaaaaabccccccccccccccccccccccccccccb
aaaaaaaaaaaaaaaaaaaazzFFppkkkkkkkkkkttxxxxGGyyuuaaaaaaaaaaaaaaaaaaaaaabccccccccccccccccccccccccccccb
aaaaaaaaaaaaaaaaaaaaaaaaaaaaaaaaaaaaaaaaaaaaaaaaaaaaaaaaaaaaaaaaaaaaaabccccccccccccccccccccccccccccb
aaaaaaaaaaaaaaaaaaaaaaaaaaaaaaaaaaaaaaaaaaaaaaaaaaaaaaaaaaaaaaaaaaaaaabccccccccccccccccccccccccccccb
aaaaaaaaaaaaaaaaaaaaaaaaaaaaaaaaaaaaaaaaaaaaaaaaaaaaaaaaaaaaaaaaaaaaaabccccccccccccccccccccccccccccb
aaaaaaaaaaaaaaaaaaaaaaaaaaaaaaaaaaaaaaaaaaaaaaaaaaaaaaaaaaaaaaaaaaaaaabccccccccccccccccccccccccccccb
aaaaaaaaaaaaaaaaaaaaaaaaaaaaaaaaaaaaaaaaaaaaaaaaaaaaaaaaaaaaaaaaaaaaaabccccccccccccccccccccccccccccb
aaaaaaaaaaaaaaaaaaaaaaaaaaaaaaaaaaaaaaaaaaaaaaaaaaaaaaaaaaaaaaaaaaaaaabccccccccccccccccccccccccccccb
aaaaaaaaaaaaaaaaaaaaaaaaaaaaaaaaaaaaaaaaaaaaaaaaaaaaaaaaaaaaaaaaaaaaaabccccccccccccccccccccccccccccb
aaaaaaaaaaaaaaaaaaaaaaaaaaaaaaaaaaaaaaaaaaaaaaaaaaaaaaaaaaaaaaaaaaaaaabccccccccccccccccccccccccccccb
aaaaaaaaaaaaaaaaaaaaaaaaaaaaaaaaaaaaaaaaaaaaaaaaaaaaaaaaaaaaaaaaaaaaaabccccccccccccccccccccccccccccb
aaaaaaaaaaaaaaaaaaaaaaaaaaaaaaaaaaaaaaaaaaaaaaaaaaaaaaaaaaaaaaaaaaaaaabccccccccccccccccccccccccccccb
aaaaaaaaaaaaaaaaaaaaaaaaaaaaaaaaaaaaaaaaaaaaaaaaaaaaaaaaaaaaaaaaaaaaaabbbbbbbbbbbbbbbbbbbbbbbbbbbbbb
aaaaaaaaaaaaaaaaaaaaaaaaaaaaaaaaaaaaaaaaaaaaaaaaaaaaaaHHHHHHHHHHHHHHHHHHHHHHHHHHHHHHHHHHHHHHHHHHHHHa
aHHHHHHHHHHHHHHHHHHHHHHHHHHHHHHHHHHHHHHHHHHHHHHHHHHHHHHHHHHHHHHHHHHHHaaaaaaaaaaaaaaaaaaaaaaHHHHHHHHa
--- legend ---
a = fg:text bg:black
b = fg:panel_border bg:panel_bg
c = fg:text bg:panel_bg
d = fg:text_highlight bg:panel_bg
e = fg:player bg:panel_bg
f = fg:hp_high bg:panel_bg
g = fg:text_dim bg:panel_bg
h = fg:water bg:sea
i = fg:water bg:water_bg
j = fg:water bg:#341b1a
k = fg:grass bg:#361912
l = fg:forest bg:#341a12
m = fg:thicket bg:#321810
n = fg:mountain bg:mountain_bg
o = fg:peak bg:peak_bg
p = fg:road bg:#391b13
q = fg:enemy bg:#391b13
r = fg:mountain bg:#391a13
s = fg:wood bg:#341b1a
t = fg:enemy bg:#361912
u = fg:grass bg:grass_bg
v = fg:fort bg:#3a1b14
w = fg:player bg:#391b13
x = fg:stone bg:#371a16
y = fg:stone bg:stone_bg
z = fg:forest bg:forest_bg
A = fg:road bg:road_bg
B = fg:player bg:#361912
C = fg:floor bg:#351813
D = fg:fort bg:fort_bg
E = fg:floor bg:floor_bg
F = fg:thicket bg:thicket_bg
G = fg:wood bg:stone_bg
H = fg:text_dim bg:black
--- overlays ---
over  209,270 14x2  hp_high
over  225,286 14x2  hp_high
over  193,254 14x2  hp_high
over  289,222 14x2  hp_high
over  273,254 14x2  hp_high
over  273,206 14x2  hp_high
over  289,302 14x2  hp_high
over  209,286 14x2  hp_high
over  207,256 3x1  cursor
over  207,256 1x3  cursor
over  221,256 3x1  cursor
over  223,256 1x3  cursor
over  207,269 3x1  cursor
over  207,267 1x3  cursor
over  221,269 3x1  cursor
over  223,267 1x3  cursor
