---
source: crates/ui/tests/it/dialogue.rs
expression: h.snapshot()
---
                                       Village of Heth, dusk                                        
 ╔════════════════════════════════╗                              ┌────────────────────────────────┐ 
 ║                                ║                              │                                │ 
 ║                                ║                              │                                │ 
 ║                                ║                              │                                │ 
 ║                                ║                              │                                │ 
 ║                                ║                              │                                │ 
 ║                                ║                              │                                │ 
 ║                                ║                              │                                │ 
 ║                                ║                              │                                │ 
 ║                                ║                              │                                │ 
 ║                                ║                              │                                │ 
 ║                                ║                              │                                │ 
 ║                                ║                              │                                │ 
 ║                                ║                              │                                │ 
 ║                                ║                              │                                │ 
 ║                                ║                              │                                │ 
 ║                                ║                              │                                │ 
 ╚════════════════════════════════╝                              └────────────────────────────────┘ 
             Test Lord                                                      Test Knight             
                                                                                                    
┌── Test Lord ─────────────────────────────────────────────────────────────────────────────────────┐
│                                                                                                  │
│   Better late t                                                                                  │
│                                                                                                  │
│                                                                                                  │
│                                                                                                  │
└──────────────────────────────────────────────────────────────────────────────────────────────────┘
                                                                                                    
                                                                                                    
                                                                                                    
                                                                                                    
--- colours ---
aaaaaaaaaaaaaaaaaaaaaaaaaaaaaaaaaaaaaabbbbbbbbbbbbbbbbbbbbbbbaaaaaaaaaaaaaaaaaaaaaaaaaaaaaaaaaaaaaaa
accccccccccccccccccccccccccccccccccaaaaaaaaaaaaaaaaaaaaaaaaaaaaaadddddddddddddddddddddddddddddddddda
aceeeeeeeeeeeeeeeeeeeeeeeeeeeeeeeecaaaaaaaaaaaaaaaaaaaaaaaaaaaaaadeeeeeeeeeeeeeeeeeeeeeeeeeeeeeeeeda
aceeeeeeeeeeeeeeeeeeeeeeeeeeeeeeeecaaaaaaaaaaaaaaaaaaaaaaaaaaaaaadeeeeeeeeeeeeeeeeeeeeeeeeeeeeeeeeda
aceeeeeeeeeeeeeeeeeeeeeeeeeeeeeeeecaaaaaaaaaaaaaaaaaaaaaaaaaaaaaadeeeeeeeeeeeeeeeeeeeeeeeeeeeeeeeeda
aceeeeeeeeeeeeeeeeeeeeeeeeeeeeeeeecaaaaaaaaaaaaaaaaaaaaaaaaaaaaaadeeeeeeeeeeeeeeeeeeeeeeeeeeeeeeeeda
aceeeeeeeeeeeeeeeeeeeeeeeeeeeeeeeecaaaaaaaaaaaaaaaaaaaaaaaaaaaaaadeeeeeeeeeeeeeeeeeeeeeeeeeeeeeeeeda
aceeeeeeeeeeeeeeeeeeeeeeeeeeeeeeeecaaaaaaaaaaaaaaaaaaaaaaaaaaaaaadeeeeeeeeeeeeeeeeeeeeeeeeeeeeeeeeda
aceeeeeeeeeeeeeeeeeeeeeeeeeeeeeeeecaaaaaaaaaaaaaaaaaaaaaaaaaaaaaadeeeeeeeeeeeeeeeeeeeeeeeeeeeeeeeeda
aceeeeeeeeeeeeeeeeeeeeeeeeeeeeeeeecaaaaaaaaaaaaaaaaaaaaaaaaaaaaaadeeeeeeeeeeeeeeeeeeeeeeeeeeeeeeeeda
aceeeeeeeeeeeeeeeeeeeeeeeeeeeeeeeecaaaaaaaaaaaaaaaaaaaaaaaaaaaaaadeeeeeeeeeeeeeeeeeeeeeeeeeeeeeeeeda
aceeeeeeeeeeeeeeeeeeeeeeeeeeeeeeeecaaaaaaaaaaaaaaaaaaaaaaaaaaaaaadeeeeeeeeeeeeeeeeeeeeeeeeeeeeeeeeda
aceeeeeeeeeeeeeeeeeeeeeeeeeeeeeeeecaaaaaaaaaaaaaaaaaaaaaaaaaaaaaadeeeeeeeeeeeeeeeeeeeeeeeeeeeeeeeeda
aceeeeeeeeeeeeeeeeeeeeeeeeeeeeeeeecaaaaaaaaaaaaaaaaaaaaaaaaaaaaaadeeeeeeeeeeeeeeeeeeeeeeeeeeeeeeeeda
aceeeeeeeeeeeeeeeeeeeeeeeeeeeeeeeecaaaaaaaaaaaaaaaaaaaaaaaaaaaaaadeeeeeeeeeeeeeeeeeeeeeeeeeeeeeeeeda
aceeeeeeeeeeeeeeeeeeeeeeeeeeeeeeeecaaaaaaaaaaaaaaaaaaaaaaaaaaaaaadeeeeeeeeeeeeeeeeeeeeeeeeeeeeeeeeda
aceeeeeeeeeeeeeeeeeeeeeeeeeeeeeeeecaaaaaaaaaaaaaaaaaaaaaaaaaaaaaadeeeeeeeeeeeeeeeeeeeeeeeeeeeeeeeeda
aceeeeeeeeeeeeeeeeeeeeeeeeeeeeeeeecaaaaaaaaaaaaaaaaaaaaaaaaaaaaaadeeeeeeeeeeeeeeeeeeeeeeeeeeeeeeeeda
accccccccccccccccccccccccccccccccccaaaaaaaaaaaaaaaaaaaaaaaaaaaaaadddddddddddddddddddddddddddddddddda
aeeeeeeeeeeeeeeeeeeeeeeeeeeeeeeeeeeaaaaaaaaaaaaaaaaaaaaaaaaaaaaaaeeeeeeeeeeefffffffffffeeeeeeeeeeeea
aaaaaaaaaaaaaaaaaaaaaaaaaaaaaaaaaaaaaaaaaaaaaaaaaaaaaaaaaaaaaaaaaaaaaaaaaaaaaaaaaaaaaaaaaaaaaaaaaaaa
dddgggggggggggdddddddddddddddddddddddddddddddddddddddddddddddddddddddddddddddddddddddddddddddddddddd
deeeeeeeeeeeeeeeeeeeeeeeeeeeeeeeeeeeeeeeeeeeeeeeeeeeeeeeeeeeeeeeeeeeeeeeeeeeeeeeeeeeeeeeeeeeeeeeeeed
deeeeeeeeeeeeeeeeeeeeeeeeeeeeeeeeeeeeeeeeeeeeeeeeeeeeeeeeeeeeeeeeeeeeeeeeeeeeeeeeeeeeeeeeeeeeeeeeeed
deeeeeeeeeeeeeeeeeeeeeeeeeeeeeeeeeeeeeeeeeeeeeeeeeeeeeeeeeeeeeeeeeeeeeeeeeeeeeeeeeeeeeeeeeeeeeeeeeed
deeeeeeeeeeeeeeeeeeeeeeeeeeeeeeeeeeeeeeeeeeeeeeeeeeeeeeeeeeeeeeeeeeeeeeeeeeeeeeeeeeeeeeeeeeeeeeeeeed
deeeeeeeeeeeeeeeeeeeeeeeeeeeeeeeeeeeeeeeeeeeeeeeeeeeeeeeeeeeeeeeeeeeeeeeeeeeeeeeeeeeeeeeeeeeeeeeeeed
dddddddddddddddddddddddddddddddddddddddddddddddddddddddddddddddddddddddddddddddddddddddddddddddddddd
aaaaaaaaaaaaaaaaaaaaaaaaaaaaaaaaaaaaaaaaaaaaaaaaaaaaaaaaaaaaaaaaaaaaaaaaaaaaaaaaaaaaaaaaaaaaaaaaaaaa
aaaaaaaaaaaaaaaaaaaaaaaaaaaaaaaaaaaaaaaaaaaaaaaaaaaaaaaaaaaaaaaaaaaaaaaaaaaaaaaaaaaaaaaaaaaaaaaaaaaa
aaaaaaaaaaaaaaaaaaaaaaaaaaaaaaaaaaaaaaaaaaaaaaaaaaaaaaaaaaaaaaaaaaaaaaaaaaaaaaaaaaaaaaaaaaaaaaaaaaaa
aaaaaaaaaaaaaaaaaaaaaaaaaaaaaaaaaaaaaaaaaaaaaaaaaaaaaaaaaaaaaaaaaaaaaaaaaaaaaaaaaaaaaaaaaaaaaaaaaaaa
--- legend ---
a = fg:text bg:black
b = fg:text_highlight bg:black
c = fg:panel_border_focus bg:panel_bg
d = fg:panel_border bg:panel_bg
e = fg:text bg:panel_bg
f = fg:text_dim bg:panel_bg
g = fg:text_highlight bg:panel_bg
--- overlays ---
under sprite 16,32 256x256  portraits/test_lord/happy.png 0,0 32x32
under sprite 528,32 256x256  portraits/test_knight/angry.png 0,0 32x32 flip opacity=140
