---
source: crates/ui/tests/it/options.rs
expression: h.snapshot()
---
                                                                                                    
                                                                                                    
                                                                                                    
                    ┌─ Options ────────────────────────────────────────────────┐                    
                    │                                                          │                    
                    │   Text speed                Normal                       │                    
                    │   Animation speed           Normal                       │                    
                    │   Combat animations         On                           │                    
                    │   Enemy phase speed         Normal                       │                    
                    │   Auto-end turn             Off                          │                    
                    │   Fullscreen                Off                          │                    
                    │   Cursor                    Corners                      │                    
                    │   Music volume              7_                           │                    
                    │   Sound volume              ████████░░  80               │                    
                    │                                                          │                    
                    │   Layout                    Right-handed                 │                    
                    │   Key bindings                                           │                    
                    │                                                          │                    
                    │   Reset tips                                             │                    
                    │   Restore defaults                                       │                    
                    │                                                          │                    
                    │                                                          │                    
                    └──────────────────────────────────────────────────────────┘                    
                                                                                                    
                                                                                                    
                                                                                                    
                                                                                                    
                                                                                                    
                                                                                                    
                                                                                                    
                                                                                                    
                           Enter done · Backspace delete · Escape cancel                            
--- colours ---
aaaaaaaaaaaaaaaaaaaaaaaaaaaaaaaaaaaaaaaaaaaaaaaaaaaaaaaaaaaaaaaaaaaaaaaaaaaaaaaaaaaaaaaaaaaaaaaaaaaa
aaaaaaaaaaaaaaaaaaaaaaaaaaaaaaaaaaaaaaaaaaaaaaaaaaaaaaaaaaaaaaaaaaaaaaaaaaaaaaaaaaaaaaaaaaaaaaaaaaaa
aaaaaaaaaaaaaaaaaaaaaaaaaaaaaaaaaaaaaaaaaaaaaaaaaaaaaaaaaaaaaaaaaaaaaaaaaaaaaaaaaaaaaaaaaaaaaaaaaaaa
aaaaaaaaaaaaaaaaaaaabbcccccccccbbbbbbbbbbbbbbbbbbbbbbbbbbbbbbbbbbbbbbbbbbbbbbbbbaaaaaaaaaaaaaaaaaaaa
aaaaaaaaaaaaaaaaaaaabddddddddddddddddddddddddddddddddddddddddddddddddddddddddddbaaaaaaaaaaaaaaaaaaaa
aaaaaaaaaaaaaaaaaaaabddddddddddddddddddddddddddddddddddddddddddddddddddddddddddbaaaaaaaaaaaaaaaaaaaa
aaaaaaaaaaaaaaaaaaaabddddddddddddddddddddddddddddddddddddddddddddddddddddddddddbaaaaaaaaaaaaaaaaaaaa
aaaaaaaaaaaaaaaaaaaabddddddddddddddddddddddddddddddddddddddddddddddddddddddddddbaaaaaaaaaaaaaaaaaaaa
aaaaaaaaaaaaaaaaaaaabddddddddddddddddddddddddddddddddddddddddddddddddddddddddddbaaaaaaaaaaaaaaaaaaaa
aaaaaaaaaaaaaaaaaaaabddddddddddddddddddddddddddddddddddddddddddddddddddddddddddbaaaaaaaaaaaaaaaaaaaa
aaaaaaaaaaaaaaaaaaaabddddddddddddddddddddddddddddddddddddddddddddddddddddddddddbaaaaaaaaaaaaaaaaaaaa
aaaaaaaaaaaaaaaaaaaabddddddddddddddddddddddddddddddddddddddddddddddddddddddddddbaaaaaaaaaaaaaaaaaaaa
aaaaaaaaaaaaaaaaaaaabddeeeeeeeeeeeeeeddddddddddddeeeeeeddddddddddddddddddddddddbaaaaaaaaaaaaaaaaaaaa
aaaaaaaaaaaaaaaaaaaabddddddddddddddddddddddddddddddddddddddddddddddddddddddddddbaaaaaaaaaaaaaaaaaaaa
aaaaaaaaaaaaaaaaaaaabddddddddddddddddddddddddddddddddddddddddddddddddddddddddddbaaaaaaaaaaaaaaaaaaaa
aaaaaaaaaaaaaaaaaaaabddddddddddddddddddddddddddddddddddddddddddddddddddddddddddbaaaaaaaaaaaaaaaaaaaa
aaaaaaaaaaaaaaaaaaaabddddddddddddddddddddddddddddddddddddddddddddddddddddddddddbaaaaaaaaaaaaaaaaaaaa
aaaaaaaaaaaaaaaaaaaabddddddddddddddddddddddddddddddddddddddddddddddddddddddddddbaaaaaaaaaaaaaaaaaaaa
aaaaaaaaaaaaaaaaaaaabddddddddddddddddddddddddddddddddddddddddddddddddddddddddddbaaaaaaaaaaaaaaaaaaaa
aaaaaaaaaaaaaaaaaaaabddddddddddddddddddddddddddddddddddddddddddddddddddddddddddbaaaaaaaaaaaaaaaaaaaa
aaaaaaaaaaaaaaaaaaaabddddddddddddddddddddddddddddddddddddddddddddddddddddddddddbaaaaaaaaaaaaaaaaaaaa
aaaaaaaaaaaaaaaaaaaabddddddddddddddddddddddddddddddddddddddddddddddddddddddddddbaaaaaaaaaaaaaaaaaaaa
aaaaaaaaaaaaaaaaaaaabbbbbbbbbbbbbbbbbbbbbbbbbbbbbbbbbbbbbbbbbbbbbbbbbbbbbbbbbbbbaaaaaaaaaaaaaaaaaaaa
aaaaaaaaaaaaaaaaaaaaaaaaaaaaaaaaaaaaaaaaaaaaaaaaaaaaaaaaaaaaaaaaaaaaaaaaaaaaaaaaaaaaaaaaaaaaaaaaaaaa
aaaaaaaaaaaaaaaaaaaaaaaaaaaaaaaaaaaaaaaaaaaaaaaaaaaaaaaaaaaaaaaaaaaaaaaaaaaaaaaaaaaaaaaaaaaaaaaaaaaa
aaaaaaaaaaaaaaaaaaaaaaaaaaaaaaaaaaaaaaaaaaaaaaaaaaaaaaaaaaaaaaaaaaaaaaaaaaaaaaaaaaaaaaaaaaaaaaaaaaaa
aaaaaaaaaaaaaaaaaaaaaaaaaaaaaaaaaaaaaaaaaaaaaaaaaaaaaaaaaaaaaaaaaaaaaaaaaaaaaaaaaaaaaaaaaaaaaaaaaaaa
aaaaaaaaaaaaaaaaaaaaaaaaaaaaaaaaaaaaaaaaaaaaaaaaaaaaaaaaaaaaaaaaaaaaaaaaaaaaaaaaaaaaaaaaaaaaaaaaaaaa
aaaaaaaaaaaaaaaaaaaaaaaaaaaaaaaaaaaaaaaaaaaaaaaaaaaaaaaaaaaaaaaaaaaaaaaaaaaaaaaaaaaaaaaaaaaaaaaaaaaa
aaaaaaaaaaaaaaaaaaaaaaaaaaaaaaaaaaaaaaaaaaaaaaaaaaaaaaaaaaaaaaaaaaaaaaaaaaaaaaaaaaaaaaaaaaaaaaaaaaaa
aaaaaaaaaaaaaaaaaaaaaaaaaaaaaaaaaaaaaaaaaaaaaaaaaaaaaaaaaaaaaaaaaaaaaaaaaaaaaaaaaaaaaaaaaaaaaaaaaaaa
aaaaaaaaaaaaaaaaaaaaaaaaaaafffffffffffffffffffffffffffffffffffffffffffffaaaaaaaaaaaaaaaaaaaaaaaaaaaa
--- legend ---
a = fg:text bg:black
b = fg:panel_border bg:panel_bg
c = fg:text_highlight bg:panel_bg
d = fg:text bg:panel_bg
e = fg:panel_bg bg:panel_border_focus
f = fg:text_dim bg:black
