---
source: crates/ui/tests/it/language.rs
expression: h.snapshot()
---
                                                                      ┌────────────────────────────┐
        ╔═ YOUR MOVE ═══════════════════════════════════════╗         │ Plain                      │
        ║                                                   ║         │ DEF +0  AVO +0             │
        ║ STEER THE CURSOR WITH arrows. PRESS f ON ONE OF   ║         │                            │
        ║ YOUR UNITS TO SELECT IT. s JUMPS TO THE NEXT UNIT ║         │                            │
        ║ THAT CAN STILL ACT; e SHOWS A UNIT'S DETAILS.     ║         │ Test Lord                  │
        ║                                                   ║         │ Exile  Lv 1                │
        ║ f close                                           ║         │ HP 19/19   ██████████      │
        ╚═══════════════════════════════════════════════════╝         │ Player                     │
                                                                      │                            │
                                                                      │                            │
                    ≈≈≈≈≈≈≈≈≈≈....♣♣♣♣♠♠♠♠^^^^▲▲                      │                            │
                    ≈≈≈≈≈≈≈≈....··Ra··♣♣♣♣^^^^^^                      │                            │
                    ≈≈≈≈≈≈====······Br..♣♣♣♣....                      │                            │
                    ..≈≈≈≈..··..............╦╦..                      │                            │
                    ....Ar····....Br..▓▓▓▓▓▓▓▓..                      │                            │
                    ..♣♣··Lo..╦╦......▓▓░░╦╦▓▓..                      │                            │
                    ♣♣♣♣··MaKn........▓▓░░░░▓▓..                      │                            │
                    ♣♣♠♠··..........Fr▓▓▓▓▐▌▓▓..                      │                            │
                                                                      │                            │
                                                                      │                            │
                                                                      │                            │
                                                                      │                            │
                                                                      │                            │
                                                                      │                            │
                                                                      │                            │
                                                                      │                            │
                                                                      │                            │
                                                                      │                            │
                                                                      └────────────────────────────┘
                                                     w danger zone: OFF · Shift+Space auto-end: OFF 
 f close                                                                                   F2 debug 
--- colours ---
aaaaaaaaaaaaaaaaaaaaaaaaaaaaaaaaaaaaaaaaaaaaaaaaaaaaaaaaaaaaaaaaaaaaaabbbbbbbbbbbbbbbbbbbbbbbbbbbbbb
aaaaaaaabbcccccccccccbbbbbbbbbbbbbbbbbbbbbbbbbbbbbbbbbbbbbbbbaaaaaaaaabdcccccddddddddddddddddddddddb
aaaaaaaabdddddddddddddddddddddddddddddddddddddddddddddddddddbaaaaaaaaabddddddddddddddddddddddddddddb
aaaaaaaabdddddddddddddddddddddddddddddddddddddddddddddddddddbaaaaaaaaabddddddddddddddddddddddddddddb
aaaaaaaabdddddddddddddddddddddddddddddddddddddddddddddddddddbaaaaaaaaabddddddddddddddddddddddddddddb
aaaaaaaabdddddddddddddddddddddddddddddddddddddddddddddddddddbaaaaaaaaabdeeeeeeeeeddddddddddddddddddb
aaaaaaaabdddddddddddddddddddddddddddddddddddddddddddddddddddbaaaaaaaaabddddddddddddddddddddddddddddb
aaaaaaaabdfffffffdddddddddddddddddddddddddddddddddddddddddddbaaaaaaaaabddddddddddddggggggggggddddddb
aaaaaaaabbbbbbbbbbbbbbbbbbbbbbbbbbbbbbbbbbbbbbbbbbbbbbbbbbbbbaaaaaaaaabdffffffdddddddddddddddddddddb
aaaaaaaaaaaaaaaaaaaaaaaaaaaaaaaaaaaaaaaaaaaaaaaaaaaaaaaaaaaaaaaaaaaaaabddddddddddddddddddddddddddddb
aaaaaaaaaaaaaaaaaaaaaaaaaaaaaaaaaaaaaaaaaaaaaaaaaaaaaaaaaaaaaaaaaaaaaabddddddddddddddddddddddddddddb
aaaaaaaaaaaaaaaaaaaahhhhhhiiiijjjjkkkkllllmmmmnnaaaaaaaaaaaaaaaaaaaaaabddddddddddddddddddddddddddddb
aaaaaaaaaaaaaaaaaaaahhhhiiiijjjjooppookkkkmmmmmmaaaaaaaaaaaaaaaaaaaaaabddddddddddddddddddddddddddddb
aaaaaaaaaaaaaaaaaaaahhiiiiqqqqoooooorrjjkkkkjjjjaaaaaaaaaaaaaaaaaaaaaabddddddddddddddddddddddddddddb
aaaaaaaaaaaaaaaaaaaajjiiiijjoojjjjjjjjjjjjjjssjjaaaaaaaaaaaaaaaaaaaaaabddddddddddddddddddddddddddddb
aaaaaaaaaaaaaaaaaaaajjjjttoooojjjjrrjjuuuuuuuujjaaaaaaaaaaaaaaaaaaaaaabddddddddddddddddddddddddddddb
aaaaaaaaaaaaaaaaaaaajjkkoovvjjssjjjjjjuuwwssuujjaaaaaaaaaaaaaaaaaaaaaabddddddddddddddddddddddddddddb
aaaaaaaaaaaaaaaaaaaakkkkoovvvvjjjjjjjjuuwwwwuujjaaaaaaaaaaaaaaaaaaaaaabddddddddddddddddddddddddddddb
aaaaaaaaaaaaaaaaaaaakklloojjjjjjjjjjrruuuuxxuujjaaaaaaaaaaaaaaaaaaaaaabddddddddddddddddddddddddddddb
aaaaaaaaaaaaaaaaaaaaaaaaaaaaaaaaaaaaaaaaaaaaaaaaaaaaaaaaaaaaaaaaaaaaaabddddddddddddddddddddddddddddb
aaaaaaaaaaaaaaaaaaaaaaaaaaaaaaaaaaaaaaaaaaaaaaaaaaaaaaaaaaaaaaaaaaaaaabddddddddddddddddddddddddddddb
aaaaaaaaaaaaaaaaaaaaaaaaaaaaaaaaaaaaaaaaaaaaaaaaaaaaaaaaaaaaaaaaaaaaaabddddddddddddddddddddddddddddb
aaaaaaaaaaaaaaaaaaaaaaaaaaaaaaaaaaaaaaaaaaaaaaaaaaaaaaaaaaaaaaaaaaaaaabddddddddddddddddddddddddddddb
aaaaaaaaaaaaaaaaaaaaaaaaaaaaaaaaaaaaaaaaaaaaaaaaaaaaaaaaaaaaaaaaaaaaaabddddddddddddddddddddddddddddb
aaaaaaaaaaaaaaaaaaaaaaaaaaaaaaaaaaaaaaaaaaaaaaaaaaaaaaaaaaaaaaaaaaaaaabddddddddddddddddddddddddddddb
aaaaaaaaaaaaaaaaaaaaaaaaaaaaaaaaaaaaaaaaaaaaaaaaaaaaaaaaaaaaaaaaaaaaaabddddddddddddddddddddddddddddb
aaaaaaaaaaaaaaaaaaaaaaaaaaaaaaaaaaaaaaaaaaaaaaaaaaaaaaaaaaaaaaaaaaaaaabddddddddddddddddddddddddddddb
aaaaaaaaaaaaaaaaaaaaaaaaaaaaaaaaaaaaaaaaaaaaaaaaaaaaaaaaaaaaaaaaaaaaaabddddddddddddddddddddddddddddb
aaaaaaaaaaaaaaaaaaaaaaaaaaaaaaaaaaaaaaaaaaaaaaaaaaaaaaaaaaaaaaaaaaaaaabddddddddddddddddddddddddddddb
aaaaaaaaaaaaaaaaaaaaaaaaaaaaaaaaaaaaaaaaaaaaaaaaaaaaaaaaaaaaaaaaaaaaaabbbbbbbbbbbbbbbbbbbbbbbbbbbbbb
aaaaaaaaaaaaaaaaaaaaaaaaaaaaaaaaaaaaaaaaaaaaaaaaaaaaayyyyyyyyyyyyyyyyyyyyyyyyyyyyyyyyyyyyyyyyyyyyyya
ayyyyyyyaaaaaaaaaaaaaaaaaaaaaaaaaaaaaaaaaaaaaaaaaaaaaaaaaaaaaaaaaaaaaaaaaaaaaaaaaaaaaaaaaaayyyyyyyya
--- legend ---
a = fg:text bg:black
b = fg:panel_border bg:panel_bg
c = fg:text_highlight bg:panel_bg
d = fg:text bg:panel_bg
e = fg:player bg:panel_bg
f = fg:text_dim bg:panel_bg
g = fg:hp_high bg:panel_bg
h = fg:water bg:sea
i = fg:water bg:water_bg
j = fg:grass bg:grass_bg
k = fg:forest bg:forest_bg
l = fg:thicket bg:thicket_bg
m = fg:mountain bg:mountain_bg
n = fg:peak bg:peak_bg
o = fg:road bg:road_bg
p = fg:enemy bg:road_bg
q = fg:wood bg:water_bg
r = fg:enemy bg:grass_bg
s = fg:fort bg:fort_bg
t = fg:player bg:road_bg
u = fg:stone bg:stone_bg
v = fg:player bg:grass_bg
w = fg:floor bg:floor_bg
x = fg:wood bg:stone_bg
y = fg:text_dim bg:black
--- overlays ---
over  209,270 14x2  hp_high
over  225,286 14x2  hp_high
over  193,254 14x2  hp_high
over  289,222 14x2  hp_high
over  273,254 14x2  hp_high
over  273,206 14x2  hp_high
over  289,302 14x2  hp_high
over  209,286 14x2  hp_high
over  207,256 3x1  #edd99e
over  207,256 1x3  #edd99e
over  221,256 3x1  #edd99e
over  223,256 1x3  #edd99e
over  207,269 3x1  #edd99e
over  207,267 1x3  #edd99e
over  221,269 3x1  #edd99e
over  223,267 1x3  #edd99e
