---
source: crates/ui/tests/it/dialogue.rs
expression: h.snapshot()
---
                                       Village of Heth, dusk                                        
 ┌────────────────────────────────┐                              ╔════════════════════════════════╗ 
 │                                │                              ║                                ║ 
 │                                │                              ║                                ║ 
 │                                │                              ║                                ║ 
 │                                │                              ║                                ║ 
 │                                │                              ║                                ║ 
 │                                │                              ║                                ║ 
 │                                │                              ║                                ║ 
 │                                │                              ║                                ║ 
 │                                │                              ║                                ║ 
 │                                │                              ║                                ║ 
 │                                │                              ║                                ║ 
 │                                │                              ║                                ║ 
 │                                │                              ║                                ║ 
 │                                │                              ║                                ║ 
 │                                │                              ║                                ║ 
 │                                │                              ║                                ║ 
 └────────────────────────────────┘                              ╚════════════════════════════════╝ 
             Test Lord                                                      Test Knight             
                                                                                                    
┌── Test Knight ───────────────────────────────────────────────────────────────────────────────────┐
│                                                                                                  │
│   You're late.                                                                                   │
│                                                                                                  │
│                                                                                                  │
│                                                                                             f ▼  │
└──────────────────────────────────────────────────────────────────────────────────────────────────┘
                                                                                                    
                                                                                                    
                                                                                                    
                                                                                                    
--- colours ---
aaaaaaaaaaaaaaaaaaaaaaaaaaaaaaaaaaaaaabbbbbbbbbbbbbbbbbbbbbbbaaaaaaaaaaaaaaaaaaaaaaaaaaaaaaaaaaaaaaa
accccccccccccccccccccccccccccccccccaaaaaaaaaaaaaaaaaaaaaaaaaaaaaadddddddddddddddddddddddddddddddddda
aceeeeeeeeeeeeeeeeeeeeeeeeeeeeeeeecaaaaaaaaaaaaaaaaaaaaaaaaaaaaaadeeeeeeeeeeeeeeeeeeeeeeeeeeeeeeeeda
aceeeeeeeeeeeeeeeeeeeeeeeeeeeeeeeecaaaaaaaaaaaaaaaaaaaaaaaaaaaaaadeeeeeeeeeeeeeeeeeeeeeeeeeeeeeeeeda
aceeeeeeeeeeeeeeeeeeeeeeeeeeeeeeeecaaaaaaaaaaaaaaaaaaaaaaaaaaaaaadeeeeeeeeeeeeeeeeeeeeeeeeeeeeeeeeda
aceeeeeeeeeeeeeeeeeeeeeeeeeeeeeeeecaaaaaaaaaaaaaaaaaaaaaaaaaaaaaadeeeeeeeeeeeeeeeeeeeeeeeeeeeeeeeeda
aceeeeeeeeeeeeeeeeeeeeeeeeeeeeeeeecaaaaaaaaaaaaaaaaaaaaaaaaaaaaaadeeeeeeeeeeeeeeeeeeeeeeeeeeeeeeeeda
aceeeeeeeeeeeeeeeeeeeeeeeeeeeeeeeecaaaaaaaaaaaaaaaaaaaaaaaaaaaaaadeeeeeeeeeeeeeeeeeeeeeeeeeeeeeeeeda
aceeeeeeeeeeeeeeeeeeeeeeeeeeeeeeeecaaaaaaaaaaaaaaaaaaaaaaaaaaaaaadeeeeeeeeeeeeeeeeeeeeeeeeeeeeeeeeda
aceeeeeeeeeeeeeeeeeeeeeeeeeeeeeeeecaaaaaaaaaaaaaaaaaaaaaaaaaaaaaadeeeeeeeeeeeeeeeeeeeeeeeeeeeeeeeeda
aceeeeeeeeeeeeeeeeeeeeeeeeeeeeeeeecaaaaaaaaaaaaaaaaaaaaaaaaaaaaaadeeeeeeeeeeeeeeeeeeeeeeeeeeeeeeeeda
aceeeeeeeeeeeeeeeeeeeeeeeeeeeeeeeecaaaaaaaaaaaaaaaaaaaaaaaaaaaaaadeeeeeeeeeeeeeeeeeeeeeeeeeeeeeeeeda
aceeeeeeeeeeeeeeeeeeeeeeeeeeeeeeeecaaaaaaaaaaaaaaaaaaaaaaaaaaaaaadeeeeeeeeeeeeeeeeeeeeeeeeeeeeeeeeda
aceeeeeeeeeeeeeeeeeeeeeeeeeeeeeeeecaaaaaaaaaaaaaaaaaaaaaaaaaaaaaadeeeeeeeeeeeeeeeeeeeeeeeeeeeeeeeeda
aceeeeeeeeeeeeeeeeeeeeeeeeeeeeeeeecaaaaaaaaaaaaaaaaaaaaaaaaaaaaaadeeeeeeeeeeeeeeeeeeeeeeeeeeeeeeeeda
aceeeeeeeeeeeeeeeeeeeeeeeeeeeeeeeecaaaaaaaaaaaaaaaaaaaaaaaaaaaaaadeeeeeeeeeeeeeeeeeeeeeeeeeeeeeeeeda
aceeeeeeeeeeeeeeeeeeeeeeeeeeeeeeeecaaaaaaaaaaaaaaaaaaaaaaaaaaaaaadeeeeeeeeeeeeeeeeeeeeeeeeeeeeeeeeda
aceeeeeeeeeeeeeeeeeeeeeeeeeeeeeeeecaaaaaaaaaaaaaaaaaaaaaaaaaaaaaadeeeeeeeeeeeeeeeeeeeeeeeeeeeeeeeeda
accccccccccccccccccccccccccccccccccaaaaaaaaaaaaaaaaaaaaaaaaaaaaaadddddddddddddddddddddddddddddddddda
aeeeeeeeeeeeefffffffffeeeeeeeeeeeeeaaaaaaaaaaaaaaaaaaaaaaaaaaaaaaeeeeeeeeeeeeeeeeeeeeeeeeeeeeeeeeeea
aaaaaaaaaaaaaaaaaaaaaaaaaaaaaaaaaaaaaaaaaaaaaaaaaaaaaaaaaaaaaaaaaaaaaaaaaaaaaaaaaaaaaaaaaaaaaaaaaaaa
cccgggggggggggggcccccccccccccccccccccccccccccccccccccccccccccccccccccccccccccccccccccccccccccccccccc
ceeeeeeeeeeeeeeeeeeeeeeeeeeeeeeeeeeeeeeeeeeeeeeeeeeeeeeeeeeeeeeeeeeeeeeeeeeeeeeeeeeeeeeeeeeeeeeeeeec
ceeeeeeeeeeeeeeeeeeeeeeeeeeeeeeeeeeeeeeeeeeeeeeeeeeeeeeeeeeeeeeeeeeeeeeeeeeeeeeeeeeeeeeeeeeeeeeeeeec
ceeeeeeeeeeeeeeeeeeeeeeeeeeeeeeeeeeeeeeeeeeeeeeeeeeeeeeeeeeeeeeeeeeeeeeeeeeeeeeeeeeeeeeeeeeeeeeeeeec
ceeeeeeeeeeeeeeeeeeeeeeeeeeeeeeeeeeeeeeeeeeeeeeeeeeeeeeeeeeeeeeeeeeeeeeeeeeeeeeeeeeeeeeeeeeeeeeeeeec
ceeeeeeeeeeeeeeeeeeeeeeeeeeeeeeeeeeeeeeeeeeeeeeeeeeeeeeeeeeeeeeeeeeeeeeeeeeeeeeeeeeeeeeeeeeeeefegeec
cccccccccccccccccccccccccccccccccccccccccccccccccccccccccccccccccccccccccccccccccccccccccccccccccccc
aaaaaaaaaaaaaaaaaaaaaaaaaaaaaaaaaaaaaaaaaaaaaaaaaaaaaaaaaaaaaaaaaaaaaaaaaaaaaaaaaaaaaaaaaaaaaaaaaaaa
aaaaaaaaaaaaaaaaaaaaaaaaaaaaaaaaaaaaaaaaaaaaaaaaaaaaaaaaaaaaaaaaaaaaaaaaaaaaaaaaaaaaaaaaaaaaaaaaaaaa
aaaaaaaaaaaaaaaaaaaaaaaaaaaaaaaaaaaaaaaaaaaaaaaaaaaaaaaaaaaaaaaaaaaaaaaaaaaaaaaaaaaaaaaaaaaaaaaaaaaa
aaaaaaaaaaaaaaaaaaaaaaaaaaaaaaaaaaaaaaaaaaaaaaaaaaaaaaaaaaaaaaaaaaaaaaaaaaaaaaaaaaaaaaaaaaaaaaaaaaaa
--- legend ---
a = fg:text bg:black
b = fg:text_highlight bg:black
c = fg:panel_border bg:panel_bg
d = fg:panel_border_focus bg:panel_bg
e = fg:text bg:panel_bg
f = fg:text_dim bg:panel_bg
g = fg:text_highlight bg:panel_bg
--- overlays ---
under sprite 16,32 256x256  portraits/test_lord/neutral.png 0,0 32x32 opacity=140
under sprite 528,32 256x256  portraits/test_knight/angry.png 0,0 32x32 flip
