---
source: crates/ui/tests/it/language.rs
expression: h.snapshot()
---
╔══════════════════════════════════════════════════════════════════════════════════════════════════╗
║ ┌──────────────────────┐   Test Lord                  Weapons                                    ║
║ │                      │   Exile  Lv 1                E IRON SWORD                         20/20 ║
║ │                      │   EXP 0                        Mt 5  Hit 90  Crit 0  Rng 1  Wt 2        ║
║ │                      │   HP 19/19   ██████████        Steel Sword                        25/25 ║
║ │                      │                                Mt 8  Hit 75  Crit 0  Rng 1  Wt 4        ║
║ │                      │   Stats                        --                                       ║
║ │       portrait       │   Str   6                                                               ║
║ │                      │   Mag   1                                                               ║
║ │                      │   Dex   7                    Armour                                     ║
║ │                      │   Spd   7                      Leather Vest                             ║
║ │                      │   Def   4                      Def +1                                   ║
║ └──────────────────────┘   Res   3                                                               ║
║                                                       Accessory                                  ║
║  Mov 5  foot                                            --                                       ║
║                            Skills                                                                ║
║                            A Inspire             2/2                                             ║
║  Weapon ranks                ally r2: +10 hit +10 av  Spells                                     ║
║  Sword     D                                            --                                       ║
║                                                                                                  ║
║                                                                                                  ║
║                                                                                                  ║
║                                                                                                  ║
║                                                                                                  ║
║                                                                                                  ║
║                                                                                                  ║
║                                                                                                  ║
║                                                                                                  ║
║                                                                                                  ║
╚══════════════════════════════════════════════════════════════════════════════════════════════════╝
                                                     w danger zone: OFF · Shift+Space auto-end: OFF 
 s next unit · a previous · d close                                                        F2 debug 
--- colours ---
aaaaaaaaaaaaaaaaaaaaaaaaaaaaaaaaaaaaaaaaaaaaaaaaaaaaaaaaaaaaaaaaaaaaaaaaaaaaaaaaaaaaaaaaaaaaaaaaaaaa
abccccccccccccccccccccccccbbbdddddddddbbbbbbbbbbbbbbbbbbeeeeeeebbbbbbbbbbbbbbbbbbbbbbbbbbbbbbbbbbbba
abcbbbbbbbbbbbbbbbbbbbbbbcbbbbbbbbbbbbbbbbbbbbbbbbbbbbbbeebbbbbbbbbbbbbbbbbbbbbbbbbbbbbbbbbbbbbbbbba
abcbbbbbbbbbbbbbbbbbbbbbbcbbbccccbbbbbbbbbbbbbbbbbbbbbbbbbcccccccccccccccccccccccccccccccccbbbbbbbba
abcbbbbbbbbbbbbbbbbbbbbbbcbbbcccbbbbbbbbffffffffffbbbbbbeebbbbbbbbbbbbbbbbbbbbbbbbbbbbbbbbbbbbbbbbba
abcbbbbbbbbbbbbbbbbbbbbbbcbbbbbbbbbbbbbbbbbbbbbbbbbbbbbbbbcccccccccccccccccccccccccccccccccbbbbbbbba
abcbbbbbbbbbbbbbbbbbbbbbbcbbbeeeeebbbbbbbbbbbbbbbbbbbbbbbbccbbbbbbbbbbbbbbbbbbbbbbbbbbbbbbbbbbbbbbba
abcbbbbbbbccccccccbbbbbbbcbbbbbbbbbbbbbbbbbbbbbbbbbbbbbbbbbbbbbbbbbbbbbbbbbbbbbbbbbbbbbbbbbbbbbbbbba
abcbbbbbbbbbbbbbbbbbbbbbbcbbbbbbbbbbbbbbbbbbbbbbbbbbbbbbbbbbbbbbbbbbbbbbbbbbbbbbbbbbbbbbbbbbbbbbbbba
abcbbbbbbbbbbbbbbbbbbbbbbcbbbbbbbbbbbbbbbbbbbbbbbbbbbbbbeeeeeebbbbbbbbbbbbbbbbbbbbbbbbbbbbbbbbbbbbba
abcbbbbbbbbbbbbbbbbbbbbbbcbbbbbbbbbbbbbbbbbbbbbbbbbbbbbbbbbbbbbbbbbbbbbbbbbbbbbbbbbbbbbbbbbbbbbbbbba
abcbbbbbbbbbbbbbbbbbbbbbbcbbbbbbbbbbbbbbbbbbbbbbbbbbbbbbbbccccccbbbbbbbbbbbbbbbbbbbbbbbbbbbbbbbbbbba
abccccccccccccccccccccccccbbbbbbbbbbbbbbbbbbbbbbbbbbbbbbbbbbbbbbbbbbbbbbbbbbbbbbbbbbbbbbbbbbbbbbbbba
abbbbbbbbbbbbbbbbbbbbbbbbbbbbbbbbbbbbbbbbbbbbbbbbbbbbbbbeeeeeeeeebbbbbbbbbbbbbbbbbbbbbbbbbbbbbbbbbba
abbccccbbbbbbbbbbbbbbbbbbbbbbbbbbbbbbbbbbbbbbbbbbbbbbbbbbbccbbbbbbbbbbbbbbbbbbbbbbbbbbbbbbbbbbbbbbba
abbbbbbbbbbbbbbbbbbbbbbbbbbbbeeeeeebbbbbbbbbbbbbbbbbbbbbbbbbbbbbbbbbbbbbbbbbbbbbbbbbbbbbbbbbbbbbbbba
abbbbbbbbbbbbbbbbbbbbbbbbbbbbebbbbbbbbbbbbbbbbbbbbbcccbbbbbbbbbbbbbbbbbbbbbbbbbbbbbbbbbbbbbbbbbbbbba
abbeeeeeeeeeeeebbbbbbbbbbbbbbbbcccccccccccccccccccccccbbeeeeeebbbbbbbbbbbbbbbbbbbbbbbbbbbbbbbbbbbbba
abbbbbbbbbbbbbbbbbbbbbbbbbbbbbbbbbbbbbbbbbbbbbbbbbbbbbbbbbccbbbbbbbbbbbbbbbbbbbbbbbbbbbbbbbbbbbbbbba
abbbbbbbbbbbbbbbbbbbbbbbbbbbbbbbbbbbbbbbbbbbbbbbbbbbbbbbbbbbbbbbbbbbbbbbbbbbbbbbbbbbbbbbbbbbbbbbbbba
abbbbbbbbbbbbbbbbbbbbbbbbbbbbbbbbbbbbbbbbbbbbbbbbbbbbbbbbbbbbbbbbbbbbbbbbbbbbbbbbbbbbbbbbbbbbbbbbbba
abbbbbbbbbbbbbbbbbbbbbbbbbbbbbbbbbbbbbbbbbbbbbbbbbbbbbbbbbbbbbbbbbbbbbbbbbbbbbbbbbbbbbbbbbbbbbbbbbba
abbbbbbbbbbbbbbbbbbbbbbbbbbbbbbbbbbbbbbbbbbbbbbbbbbbbbbbbbbbbbbbbbbbbbbbbbbbbbbbbbbbbbbbbbbbbbbbbbba
abbbbbbbbbbbbbbbbbbbbbbbbbbbbbbbbbbbbbbbbbbbbbbbbbbbbbbbbbbbbbbbbbbbbbbbbbbbbbbbbbbbbbbbbbbbbbbbbbba
abbbbbbbbbbbbbbbbbbbbbbbbbbbbbbbbbbbbbbbbbbbbbbbbbbbbbbbbbbbbbbbbbbbbbbbbbbbbbbbbbbbbbbbbbbbbbbbbbba
abbbbbbbbbbbbbbbbbbbbbbbbbbbbbbbbbbbbbbbbbbbbbbbbbbbbbbbbbbbbbbbbbbbbbbbbbbbbbbbbbbbbbbbbbbbbbbbbbba
abbbbbbbbbbbbbbbbbbbbbbbbbbbbbbbbbbbbbbbbbbbbbbbbbbbbbbbbbbbbbbbbbbbbbbbbbbbbbbbbbbbbbbbbbbbbbbbbbba
abbbbbbbbbbbbbbbbbbbbbbbbbbbbbbbbbbbbbbbbbbbbbbbbbbbbbbbbbbbbbbbbbbbbbbbbbbbbbbbbbbbbbbbbbbbbbbbbbba
abbbbbbbbbbbbbbbbbbbbbbbbbbbbbbbbbbbbbbbbbbbbbbbbbbbbbbbbbbbbbbbbbbbbbbbbbbbbbbbbbbbbbbbbbbbbbbbbbba
aaaaaaaaaaaaaaaaaaaaaaaaaaaaaaaaaaaaaaaaaaaaaaaaaaaaaaaaaaaaaaaaaaaaaaaaaaaaaaaaaaaaaaaaaaaaaaaaaaaa
ggggggggggggggggggggggggggggggggggggggggggggggggggggghhhhhhhhhhhhhhhhhhhhhhhhhhhhhhhhhhhhhhhhhhhhhhg
ghhhhhhhhhhhhhhhhhhhhhhhhhhhhhhhhhhgggggggggggggggggggggggggggggggggggggggggggggggggggggggghhhhhhhhg
--- legend ---
a = fg:panel_border bg:panel_bg
b = fg:text bg:panel_bg
c = fg:text_dim bg:panel_bg
d = fg:player bg:panel_bg
e = fg:text_highlight bg:panel_bg
f = fg:hp_high bg:panel_bg
g = fg:text bg:black
h = fg:text_dim bg:black
