---
source: crates/ui/src/screens/preparations/tests.rs
expression: h.snapshot()
---
                                                                                                    
  Preparations                 Loadouts      Pack      Fight!                                       
                                                                                                    
┌─ Units ──────┐┌─ Test Scout · Archer ────────────┐┌─ Stock: weapons ─────────────────────────────┐
│ Test Lord    ││ Weapon     Steel Bow       25/25 ││ (put back in stock)                          │
│ Test Knight  ││ Weapon     -                     ││ Steel Spear     can't use spears             │
│ Test Archer  ││ Weapon     -                     ││ Iron Axe        can't use axes               │
│ Test Mage    ││ Armour     Leather Vest          ││ Iron Sword      can't use swords             │
│ Test Scout   ││ Accessory  -                     ││                                              │
│              ││                                  ││                                              │
│              ││ AS 2 with Steel Bow              ││                                              │
│              ││                                  ││                                              │
│              ││ Not in this battle               ││                                              │
│              ││                                  ││                                              │
│              ││                                  ││                                              │
│              ││                                  ││                                              │
│              ││                                  ││                                              │
│              ││                                  ││                                              │
│              ││                                  ││                                              │
│              ││                                  ││                                              │
│              ││                                  ││                                              │
│              ││                                  ││                                              │
│              ││                                  ││                                              │
│              ││                                  ││                                              │
│              ││                                  ││                                              │
│              ││                                  ││                                              │
│              ││                                  ││                                              │
└──────────────┘└──────────────────────────────────┘└──────────────────────────────────────────────┘
                                                                                                    
                                                                                                    
                                                                                                    
                                  arrows choose · f stock · d back                                  
--- colours ---
aaaaaaaaaaaaaaaaaaaaaaaaaaaaaaaaaaaaaaaaaaaaaaaaaaaaaaaaaaaaaaaaaaaaaaaaaaaaaaaaaaaaaaaaaaaaaaaaaaaa
aabbbbbbbbbbbbaaaaaaaaaaaaaaaabbbbbbbbbbaaaaaaaaaaaaaaaaaaaaaaaaaaaaaaaaaaaaaaaaaaaaaaaaaaaaaaaaaaaa
aaaaaaaaaaaaaaaaaaaaaaaaaaaaaaaaaaaaaaaaaaaaaaaaaaaaaaaaaaaaaaaaaaaaaaaaaaaaaaaaaaaaaaaaaaaaaaaaaaaa
ccdddddddccccccceedddddddddddddddddddddeeeeeeeeeeeeeccddddddddddddddddcccccccccccccccccccccccccccccc
cffffffffffffffceggggggggggggggggggggggggggggggggggecffffffffffffffffffffffffffffffffffffffffffffffc
cffffffffffffffceffffffffffffffffffffffffffffffffffechhhhhhhhhhhhhhhhhhhhhhhhhhhhhhhhhhhhhhhhhhhhhhc
cffffffffffffffceffffffffffffffffffffffffffffffffffechhhhhhhhhhhhhhhhhhhhhhhhhhhhhhhhhhhhhhhhhhhhhhc
cffffffffffffffceffffffffffffffffffffffffffffffffffechhhhhhhhhhhhhhhhhhhhhhhhhhhhhhhhhhhhhhhhhhhhhhc
chhhhhhhhhhhhhhceffffffffffffffffffffffffffffffffffecffffffffffffffffffffffffffffffffffffffffffffffc
cffffffffffffffceffffffffffffffffffffffffffffffffffecffffffffffffffffffffffffffffffffffffffffffffffc
cffffffffffffffceffffffffffffffffffffffffffffffffffecffffffffffffffffffffffffffffffffffffffffffffffc
cffffffffffffffceffffffffffffffffffffffffffffffffffecffffffffffffffffffffffffffffffffffffffffffffffc
cffffffffffffffcefhhhhhhhhhhhhhhhhhhfffffffffffffffecffffffffffffffffffffffffffffffffffffffffffffffc
cffffffffffffffceffffffffffffffffffffffffffffffffffecffffffffffffffffffffffffffffffffffffffffffffffc
cffffffffffffffceffffffffffffffffffffffffffffffffffecffffffffffffffffffffffffffffffffffffffffffffffc
cffffffffffffffceffffffffffffffffffffffffffffffffffecffffffffffffffffffffffffffffffffffffffffffffffc
cffffffffffffffceffffffffffffffffffffffffffffffffffecffffffffffffffffffffffffffffffffffffffffffffffc
cffffffffffffffceffffffffffffffffffffffffffffffffffecffffffffffffffffffffffffffffffffffffffffffffffc
cffffffffffffffceffffffffffffffffffffffffffffffffffecffffffffffffffffffffffffffffffffffffffffffffffc
cffffffffffffffceffffffffffffffffffffffffffffffffffecffffffffffffffffffffffffffffffffffffffffffffffc
cffffffffffffffceffffffffffffffffffffffffffffffffffecffffffffffffffffffffffffffffffffffffffffffffffc
cffffffffffffffceffffffffffffffffffffffffffffffffffecffffffffffffffffffffffffffffffffffffffffffffffc
cffffffffffffffceffffffffffffffffffffffffffffffffffecffffffffffffffffffffffffffffffffffffffffffffffc
cffffffffffffffceffffffffffffffffffffffffffffffffffecffffffffffffffffffffffffffffffffffffffffffffffc
cffffffffffffffceffffffffffffffffffffffffffffffffffecffffffffffffffffffffffffffffffffffffffffffffffc
cffffffffffffffceffffffffffffffffffffffffffffffffffecffffffffffffffffffffffffffffffffffffffffffffffc
cffffffffffffffceffffffffffffffffffffffffffffffffffecffffffffffffffffffffffffffffffffffffffffffffffc
cccccccccccccccceeeeeeeeeeeeeeeeeeeeeeeeeeeeeeeeeeeecccccccccccccccccccccccccccccccccccccccccccccccc
aaaaaaaaaaaaaaaaaaaaaaaaaaaaaaaaaaaaaaaaaaaaaaaaaaaaaaaaaaaaaaaaaaaaaaaaaaaaaaaaaaaaaaaaaaaaaaaaaaaa
aaaaaaaaaaaaaaaaaaaaaaaaaaaaaaaaaaaaaaaaaaaaaaaaaaaaaaaaaaaaaaaaaaaaaaaaaaaaaaaaaaaaaaaaaaaaaaaaaaaa
aaaaaaaaaaaaaaaaaaaaaaaaaaaaaaaaaaaaaaaaaaaaaaaaaaaaaaaaaaaaaaaaaaaaaaaaaaaaaaaaaaaaaaaaaaaaaaaaaaaa
aaaaaaaaaaaaaaaaaaaaaaaaaaaaaaaaaaiiiiiiiiiiiiiiiiiiiiiiiiiiiiiiiiaaaaaaaaaaaaaaaaaaaaaaaaaaaaaaaaaa
--- legend ---
a = fg:text bg:black
b = fg:text_highlight bg:black
c = fg:panel_border bg:panel_bg
d = fg:text_highlight bg:panel_bg
e = fg:panel_border_focus bg:panel_bg
f = fg:text bg:panel_bg
g = fg:panel_bg bg:panel_border_focus
h = fg:text_dim bg:panel_bg
i = fg:text_dim bg:black
