---
source: crates/ui/src/debug.rs
expression: snap
---
 Glyphs (551)                                                                                       
    ! " # $ % & ' ( ) * + , - . / 0 1 2 3 4 5 6 7 8 9 : ; < = > ? @ A B C D E F G H I J K L M N O   
  P Q R S T U V W X Y Z [ \ ] ^ _ ` a b c d e f g h i j k l m n o p q r s t u v w x y z { | } ~     
  ¡ ¢ £ ¤ ¥ ¦ § ¨ © ª « ¬ ­ ® ¯ ° ± ² ³ ´ µ ¶ · ¸ ¹ º » ¼ ½ ¾ ¿ À Á Â Ã Ä Å Æ Ç È É Ê Ë Ì Í Î Ï Ð   
  Ñ Ò Ó Ô Õ Ö × Ø Ù Ú Û Ü Ý Þ ß à á â ã ä å æ ç è é ê ë ì í î ï ð ñ ò ó ô õ ö ÷ ø ù ú û ü ý þ ÿ ˇ   
  Α Β Γ Δ Ε Ζ Η Θ Ι Κ Λ Μ Ν Ξ Ο Π Ρ Σ Τ Υ Φ Χ Ψ Ω Ϊ Ϋ ά έ ή ί ΰ α β γ δ ε ζ η θ ι κ λ μ ν ξ ο π ρ   
  ς σ τ υ φ χ ψ ω ‐ ‑ ‒ – — ― ‖ ‗ ‘ ’ ‚ ‛ “ ” „ ‟ † ‡ • … ‰ ′ ″ ‹ › ‼ ‾ ← ↑ → ↓ ↔ ↕ ↤ ↦ ↨ ↲ ↳ ↵ ↻   
  ⇋ ⇌ ⇐ ⇑ ⇒ ⇓ ⇔ ⇕ ∀ ∃ ∄ ∅ ∆ ∇ ∈ ∉ ∊ ∋ ∌ ∍ − ∓ ∔ ∕ ∖ ∙ √ ∞ ∟ ∥ ∧ ∨ ∩ ∪ ≈ ≠ ≡ ≤ ≥ ≪ ≫ ⊂ ⊃ ⊆ ⊇ ⊥ ⋂ ⋃   
  ⌀ ⌂ ⌈ ⌉ ⌊ ⌋ ⌐ ⌙ ⌠ ⌡ ⎛ ⎜ ⎝ ⎞ ⎟ ⎠ ⎡ ⎢ ⎣ ⎤ ⎥ ⎦ ⎧ ⎨ ⎩ ⎫ ⎬ ⎭ ⎮ ⎯ ⎺ ⎻ ⎼ ⎽ ⏐ ─ ━ │ ┃ ┈ ┉ ┊ ┋ ┌ ┍ ┎ ┏ ┐   
  ┑ ┒ ┓ └ ┕ ┖ ┗ ┘ ┙ ┚ ┛ ├ ┝ ┞ ┟ ┠ ┡ ┢ ┣ ┤ ┥ ┦ ┧ ┨ ┩ ┪ ┫ ┬ ┭ ┮ ┯ ┰ ┱ ┲ ┳ ┴ ┵ ┶ ┷ ┸ ┹ ┺ ┻ ┼ ┽ ┾ ┿ ╀   
  ╁ ╂ ╃ ╄ ╅ ╆ ╇ ╈ ╉ ╊ ╋ ═ ║ ╒ ╓ ╔ ╕ ╖ ╗ ╘ ╙ ╚ ╛ ╜ ╝ ╞ ╟ ╠ ╡ ╢ ╣ ╤ ╥ ╦ ╧ ╨ ╩ ╪ ╫ ╬ ╭ ╮ ╯ ╰ ╱ ╲ ╳ ╴   
  ╵ ╶ ╷ ╸ ╹ ╺ ╻ ╼ ╽ ╾ ╿ ▀ ▁ ▂ ▃ ▄ ▅ ▆ ▇ █ ▉ ▊ ▋ ▌ ▍ ▎ ▏ ▐ ░ ▒ ▓ ▖ ▗ ▘ ▙ ▚ ▛ ▜ ▝ ▞ ▟ ■ □ ▬ ▮ ▲ △ ▶   
  ► ▼ ◀ ◄ ◆ ◊ ○ ● ◘ ◙ ◯ ☺ ☻ ☼ ♀ ♂ ♠ ♣ ♥ ♦ ♪ ♫ ✕                                                     
 Palette (54)                                                                                       
 ██ ally            ██ ash             ██ ash_bg          ██ attack_range    ██ black               
 ██ cursor          ██ danger_zone     ██ effect          ██ effect_bonus    ██ effect_penalty      
 ██ enemy           ██ exp_bar         ██ fire            ██ fire_bg         ██ floor               
 ██ floor_bg        ██ forest          ██ forest_bg       ██ fort            ██ fort_bg             
 ██ grass           ██ grass_bg        ██ heal_range      ██ hp_high         ██ hp_low              
 ██ hp_mid          ██ ice             ██ ice_bg          ██ mountain        ██ mountain_bg         
 ██ move_range      ██ neutral         ██ panel_bg        ██ panel_border    ██ panel_border_f      
 ██ path            ██ peak            ██ peak_bg         ██ player          ██ road                
 ██ road_bg         ██ sea             ██ stone           ██ stone_bg        ██ text                
 ██ text_dim        ██ text_highlight  ██ thicket         ██ thicket_bg      ██ water               
 ██ water_bg        ██ white           ██ wood            ██ wood_bg                                
 The quick brown fox jumps over the lazy dog. 0123456789 ÀÉÎÕÜ àéîõü ß ¿¡ «» ← ↑ → ↓                
 ┌─ Unit ───────────────────────────────┐  ╔═ Ranges ═════════════════════════════════════════════╗ 
 │ Aldo vs Brigand                      │  ║     move        attack        heal        danger     ║ 
 │ HP ■■■■■■■■■■  ░▒▓█▀▄▌▐              │  ║ .. ♣♣ ≈≈ ^^ ▓▓  A· Bˇ C! D• []                       ║ 
 │                                      │  ║                                                      ║ 
 │                                      │  ║                                                      ║ 
 └──────────────────────────────────────┘  ╚══════════════════════════════════════════════════════╝ 
--- colours ---
abbbbbbbbbbbbaaaaaaaaaaaaaaaaaaaaaaaaaaaaaaaaaaaaaaaaaaaaaaaaaaaaaaaaaaaaaaaaaaaaaaaaaaaaaaaaaaaaaaa
aaaaaaaaaaaaaaaaaaaaaaaaaaaaaaaaaaaaaaaaaaaaaaaaaaaaaaaaaaaaaaaaaaaaaaaaaaaaaaaaaaaaaaaaaaaaaaaaaaaa
aaaaaaaaaaaaaaaaaaaaaaaaaaaaaaaaaaaaaaaaaaaaaaaaaaaaaaaaaaaaaaaaaaaaaaaaaaaaaaaaaaaaaaaaaaaaaaaaaaaa
aaaaaaaaaaaaaaaaaaaaaaaaaaaaaaaaaaaaaaaaaaaaaaaaaaaaaaaaaaaaaaaaaaaaaaaaaaaaaaaaaaaaaaaaaaaaaaaaaaaa
aaaaaaaaaaaaaaaaaaaaaaaaaaaaaaaaaaaaaaaaaaaaaaaaaaaaaaaaaaaaaaaaaaaaaaaaaaaaaaaaaaaaaaaaaaaaaaaaaaaa
aaaaaaaaaaaaaaaaaaaaaaaaaaaaaaaaaaaaaaaaaaaaaaaaaaaaaaaaaaaaaaaaaaaaaaaaaaaaaaaaaaaaaaaaaaaaaaaaaaaa
aaaaaaaaaaaaaaaaaaaaaaaaaaaaaaaaaaaaaaaaaaaaaaaaaaaaaaaaaaaaaaaaaaaaaaaaaaaaaaaaaaaaaaaaaaaaaaaaaaaa
aaaaaaaaaaaaaaaaaaaaaaaaaaaaaaaaaaaaaaaaaaaaaaaaaaaaaaaaaaaaaaaaaaaaaaaaaaaaaaaaaaaaaaaaaaaaaaaaaaaa
aaaaaaaaaaaaaaaaaaaaaaaaaaaaaaaaaaaaaaaaaaaaaaaaaaaaaaaaaaaaaaaaaaaaaaaaaaaaaaaaaaaaaaaaaaaaaaaaaaaa
aaaaaaaaaaaaaaaaaaaaaaaaaaaaaaaaaaaaaaaaaaaaaaaaaaaaaaaaaaaaaaaaaaaaaaaaaaaaaaaaaaaaaaaaaaaaaaaaaaaa
aaaaaaaaaaaaaaaaaaaaaaaaaaaaaaaaaaaaaaaaaaaaaaaaaaaaaaaaaaaaaaaaaaaaaaaaaaaaaaaaaaaaaaaaaaaaaaaaaaaa
aaaaaaaaaaaaaaaaaaaaaaaaaaaaaaaaaaaaaaaaaaaaaaaaaaaaaaaaaaaaaaaaaaaaaaaaaaaaaaaaaaaaaaaaaaaaaaaaaaaa
aaaaaaaaaaaaaaaaaaaaaaaaaaaaaaaaaaaaaaaaaaaaaaaaaaaaaaaaaaaaaaaaaaaaaaaaaaaaaaaaaaaaaaaaaaaaaaaaaaaa
abbbbbbbbbbbbaaaaaaaaaaaaaaaaaaaaaaaaaaaaaaaaaaaaaaaaaaaaaaaaaaaaaaaaaaaaaaaaaaaaaaaaaaaaaaaaaaaaaaa
accaddddaaaaaaaaaaaaeeadddaaaaaaaaaaaaaffaddddddaaaaaaaaaaggaddddddddddddaaaahhadddddaaaaaaaaaaaaaaa
aiiaddddddaaaaaaaaaajjadddddddddddaaaaakkaddddddaaaaaaaaaalladdddddddddddaaaammaddddddddddddddaaaaaa
annadddddaaaaaaaaaaaooadddddddaaaaaaaaappaddddaaaaaaaaaaaaqqadddddddaaaaaaaaarradddddaaaaaaaaaaaaaaa
assaddddddddaaaaaaaattaddddddaaaaaaaaaauuadddddddddaaaaaaavvaddddaaaaaaaaaaaawwadddddddaaaaaaaaaaaaa
axxadddddaaaaaaaaaaayyaddddddddaaaaaaaazzaddddddddddaaaaaaAAadddddddaaaaaaaaaBBaddddddaaaaaaaaaaaaaa
aCCaddddddaaaaaaaaaaDDadddaaaaaaaaaaaaaEEaddddddaaaaaaaaaaFFaddddddddaaaaaaaaGGadddddddddddaaaaaaaaa
aHHaddddddddddaaaaaaIIadddddddaaaaaaaaaJJaddddddddaaaaaaaaKKaddddddddddddaaaaLLaddddddddddddddaaaaaa
aMMaddddaaaaaaaaaaaaNNaddddaaaaaaaaaaaaOOadddddddaaaaaaaaaPPaddddddaaaaaaaaaaQQaddddaaaaaaaaaaaaaaaa
aRRadddddddaaaaaaaaaSSadddaaaaaaaaaaaaaTTadddddaaaaaaaaaaaUUaddddddddaaaaaaaaaaaddddaaaaaaaaaaaaaaaa
addaddddddddaaaaaaaabbaddddddddddddddaaVVadddddddaaaaaaaaaWWaddddddddddaaaaaaXXadddddaaaaaaaaaaaaaaa
aYYaddddddddaaaaaaaaZZadddddaaaaaaaaaaa00addddaaaaaaaaaaaa11adddddddaaaaaaaaaaaaaaaaaaaaaaaaaaaaaaaa
aaaaaaaaaaaaaaaaaaaaaaaaaaaaaaaaaaaaaaaaaaaaaaaaaaaaaaaaaaaaaaaaaaaaaaaaaaaaaaaaaaaaaaaaaaaaaaaaaaaa
a2233333322222222222222222222222222222222aa44333333334444444444444444444444444444444444444444444444a
a2566665775888888855555555555555555555552aa459999999999995一一一一一一一一一一一一5丁丁丁丁丁丁丁丁丁丁丁丁5丂丂丂丂丂丂丂丂丂丂丂丂554a
a25555七七七七七七丄丄丄丅55丆丆丆丆丆丆丆丆555555555555552aa45万万5丈丈5三三5上上5下下55665丌丌5不不5与与5丏丏555555555555555555555554a
a2555555555555555555555555555555555555552aa45555555555555555555555555555555555555555555555555555554a
a2555555555555555555555555555555555555552aa45555555555555555555555555555555555555555555555555555554a
a2222222222222222222222222222222222222222aa44444444444444444444444444444444444444444444444444444444a
--- legend ---
a = fg:text bg:black
b = fg:text_highlight bg:black
c = fg:ally bg:black
d = fg:text_dim bg:black
e = fg:ash bg:black
f = fg:ash_bg bg:black
g = fg:attack_range bg:black
h = fg:black bg:black
i = fg:cursor bg:black
j = fg:danger_zone bg:black
k = fg:effect bg:black
l = fg:effect_bonus bg:black
m = fg:effect_penalty bg:black
n = fg:enemy bg:black
o = fg:exp_bar bg:black
p = fg:fire bg:black
q = fg:fire_bg bg:black
r = fg:floor bg:black
s = fg:floor_bg bg:black
t = fg:forest bg:black
u = fg:forest_bg bg:black
v = fg:fort bg:black
w = fg:fort_bg bg:black
x = fg:grass bg:black
y = fg:grass_bg bg:black
z = fg:heal_range bg:black
A = fg:hp_high bg:black
B = fg:hp_low bg:black
C = fg:hp_mid bg:black
D = fg:ice bg:black
E = fg:ice_bg bg:black
F = fg:mountain bg:black
G = fg:mountain_bg bg:black
H = fg:move_range bg:black
I = fg:neutral bg:black
J = fg:panel_bg bg:black
K = fg:panel_border bg:black
L = fg:panel_border_focus bg:black
M = fg:path bg:black
N = fg:peak bg:black
O = fg:peak_bg bg:black
P = fg:player bg:black
Q = fg:road bg:black
R = fg:road_bg bg:black
S = fg:sea bg:black
T = fg:stone bg:black
U = fg:stone_bg bg:black
V = fg:thicket bg:black
W = fg:thicket_bg bg:black
X = fg:water bg:black
Y = fg:water_bg bg:black
Z = fg:white bg:black
0 = fg:wood bg:black
1 = fg:wood_bg bg:black
2 = fg:panel_border bg:panel_bg
3 = fg:text_highlight bg:panel_bg
4 = fg:panel_border_focus bg:panel_bg
5 = fg:text bg:panel_bg
6 = fg:player bg:panel_bg
7 = fg:text_dim bg:panel_bg
8 = fg:enemy bg:panel_bg
9 = fg:text bg:move_range
一 = fg:text bg:attack_range
丁 = fg:text bg:heal_range
丂 = fg:text bg:danger_zone
七 = fg:hp_high bg:panel_bg
丄 = fg:hp_mid bg:panel_bg
丅 = fg:hp_low bg:panel_bg
丆 = fg:exp_bar bg:panel_bg
万 = fg:grass bg:panel_bg
丈 = fg:forest bg:panel_bg
三 = fg:water bg:panel_bg
上 = fg:mountain bg:panel_bg
下 = fg:stone bg:panel_bg
丌 = fg:#6a3528 bg:panel_bg
不 = fg:ally bg:panel_bg
与 = fg:neutral bg:panel_bg
丏 = fg:cursor bg:panel_bg
