---
source: crates/ui/src/debug/portrait_viewer/tests.rs
expression: "draw(&v, &ctx).to_snapshot(&ctx.palette)"
---
 Portraits (debug)                                                                                  
                                                                                                    
   test_knight        ╔════════════════════════════════╗      ┌────────────────────────────────┐    
 ► test_lord          ║                                ║      │                                │    
                      ║                                ║      │                                │    
                      ║                                ║      │                                │    
                      ║                                ║      │                                │    
                      ║                                ║      │                                │    
                      ║                                ║      │                                │    
                      ║                                ║      │                                │    
                      ║                                ║      │                                │    
                      ║                                ║      │                                │    
                      ║                                ║      │                                │    
                      ║                                ║      │                                │    
                      ║                                ║      │                                │    
                      ║                                ║      │                                │    
                      ║                                ║      │                                │    
                      ║                                ║      │                                │    
                      ║                                ║      │                                │    
                      ╚════════════════════════════════╝      └────────────────────────────────┘    
                       speaker                                 listener                             
                                                                                                    
                      test_lord — happy (2/5)                                                       
                                                                                                    
                      neutral  happy  angry  sad  surprised                                         
                                                                                                    
                                                                                                    
                                                                                                    
                                                                                                    
                                                                                                    
                                                                                                    
 Left/Right expression · Down/Up character · d back                                                 
--- colours ---
abbbbbbbbbbbbbbbbbaaaaaaaaaaaaaaaaaaaaaaaaaaaaaaaaaaaaaaaaaaaaaaaaaaaaaaaaaaaaaaaaaaaaaaaaaaaaaaaaaa
aaaaaaaaaaaaaaaaaaaaaaaaaaaaaaaaaaaaaaaaaaaaaaaaaaaaaaaaaaaaaaaaaaaaaaaaaaaaaaaaaaaaaaaaaaaaaaaaaaaa
aaaaaaaaaaaaaaaaaaaaaaccccccccccccccccccccccccccccccccccaaaaaaddddddddddddddddddddddddddddddddddaaaa
abbbbbbbbbbbaaaaaaaaaaceeeeeeeeeeeeeeeeeeeeeeeeeeeeeeeecaaaaaadeeeeeeeeeeeeeeeeeeeeeeeeeeeeeeeedaaaa
aaaaaaaaaaaaaaaaaaaaaaceeeeeeeeeeeeeeeeeeeeeeeeeeeeeeeecaaaaaadeeeeeeeeeeeeeeeeeeeeeeeeeeeeeeeedaaaa
aaaaaaaaaaaaaaaaaaaaaaceeeeeeeeeeeeeeeeeeeeeeeeeeeeeeeecaaaaaadeeeeeeeeeeeeeeeeeeeeeeeeeeeeeeeedaaaa
aaaaaaaaaaaaaaaaaaaaaaceeeeeeeeeeeeeeeeeeeeeeeeeeeeeeeecaaaaaadeeeeeeeeeeeeeeeeeeeeeeeeeeeeeeeedaaaa
aaaaaaaaaaaaaaaaaaaaaaceeeeeeeeeeeeeeeeeeeeeeeeeeeeeeeecaaaaaadeeeeeeeeeeeeeeeeeeeeeeeeeeeeeeeedaaaa
aaaaaaaaaaaaaaaaaaaaaaceeeeeeeeeeeeeeeeeeeeeeeeeeeeeeeecaaaaaadeeeeeeeeeeeeeeeeeeeeeeeeeeeeeeeedaaaa
aaaaaaaaaaaaaaaaaaaaaaceeeeeeeeeeeeeeeeeeeeeeeeeeeeeeeecaaaaaadeeeeeeeeeeeeeeeeeeeeeeeeeeeeeeeedaaaa
aaaaaaaaaaaaaaaaaaaaaaceeeeeeeeeeeeeeeeeeeeeeeeeeeeeeeecaaaaaadeeeeeeeeeeeeeeeeeeeeeeeeeeeeeeeedaaaa
aaaaaaaaaaaaaaaaaaaaaaceeeeeeeeeeeeeeeeeeeeeeeeeeeeeeeecaaaaaadeeeeeeeeeeeeeeeeeeeeeeeeeeeeeeeedaaaa
aaaaaaaaaaaaaaaaaaaaaaceeeeeeeeeeeeeeeeeeeeeeeeeeeeeeeecaaaaaadeeeeeeeeeeeeeeeeeeeeeeeeeeeeeeeedaaaa
aaaaaaaaaaaaaaaaaaaaaaceeeeeeeeeeeeeeeeeeeeeeeeeeeeeeeecaaaaaadeeeeeeeeeeeeeeeeeeeeeeeeeeeeeeeedaaaa
aaaaaaaaaaaaaaaaaaaaaaceeeeeeeeeeeeeeeeeeeeeeeeeeeeeeeecaaaaaadeeeeeeeeeeeeeeeeeeeeeeeeeeeeeeeedaaaa
aaaaaaaaaaaaaaaaaaaaaaceeeeeeeeeeeeeeeeeeeeeeeeeeeeeeeecaaaaaadeeeeeeeeeeeeeeeeeeeeeeeeeeeeeeeedaaaa
aaaaaaaaaaaaaaaaaaaaaaceeeeeeeeeeeeeeeeeeeeeeeeeeeeeeeecaaaaaadeeeeeeeeeeeeeeeeeeeeeeeeeeeeeeeedaaaa
aaaaaaaaaaaaaaaaaaaaaaceeeeeeeeeeeeeeeeeeeeeeeeeeeeeeeecaaaaaadeeeeeeeeeeeeeeeeeeeeeeeeeeeeeeeedaaaa
aaaaaaaaaaaaaaaaaaaaaaceeeeeeeeeeeeeeeeeeeeeeeeeeeeeeeecaaaaaadeeeeeeeeeeeeeeeeeeeeeeeeeeeeeeeedaaaa
aaaaaaaaaaaaaaaaaaaaaaccccccccccccccccccccccccccccccccccaaaaaaddddddddddddddddddddddddddddddddddaaaa
aaaaaaaaaaaaaaaaaaaaaaafffffffaaaaaaaaaaaaaaaaaaaaaaaaaaaaaaaaaffffffffaaaaaaaaaaaaaaaaaaaaaaaaaaaaa
aaaaaaaaaaaaaaaaaaaaaaaaaaaaaaaaaaaaaaaaaaaaaaaaaaaaaaaaaaaaaaaaaaaaaaaaaaaaaaaaaaaaaaaaaaaaaaaaaaaa
aaaaaaaaaaaaaaaaaaaaaabbbbbbbbbbbbbbbbbbbbbbbaaaaaaaaaaaaaaaaaaaaaaaaaaaaaaaaaaaaaaaaaaaaaaaaaaaaaaa
aaaaaaaaaaaaaaaaaaaaaaaaaaaaaaaaaaaaaaaaaaaaaaaaaaaaaaaaaaaaaaaaaaaaaaaaaaaaaaaaaaaaaaaaaaaaaaaaaaaa
aaaaaaaaaaaaaaaaaaaaaafffffffaabbbbbaafffffaafffaafffffffffaaaaaaaaaaaaaaaaaaaaaaaaaaaaaaaaaaaaaaaaa
aaaaaaaaaaaaaaaaaaaaaaaaaaaaaaaaaaaaaaaaaaaaaaaaaaaaaaaaaaaaaaaaaaaaaaaaaaaaaaaaaaaaaaaaaaaaaaaaaaaa
aaaaaaaaaaaaaaaaaaaaaaaaaaaaaaaaaaaaaaaaaaaaaaaaaaaaaaaaaaaaaaaaaaaaaaaaaaaaaaaaaaaaaaaaaaaaaaaaaaaa
aaaaaaaaaaaaaaaaaaaaaaaaaaaaaaaaaaaaaaaaaaaaaaaaaaaaaaaaaaaaaaaaaaaaaaaaaaaaaaaaaaaaaaaaaaaaaaaaaaaa
aaaaaaaaaaaaaaaaaaaaaaaaaaaaaaaaaaaaaaaaaaaaaaaaaaaaaaaaaaaaaaaaaaaaaaaaaaaaaaaaaaaaaaaaaaaaaaaaaaaa
aaaaaaaaaaaaaaaaaaaaaaaaaaaaaaaaaaaaaaaaaaaaaaaaaaaaaaaaaaaaaaaaaaaaaaaaaaaaaaaaaaaaaaaaaaaaaaaaaaaa
aaaaaaaaaaaaaaaaaaaaaaaaaaaaaaaaaaaaaaaaaaaaaaaaaaaaaaaaaaaaaaaaaaaaaaaaaaaaaaaaaaaaaaaaaaaaaaaaaaaa
affffffffffffffffffffffffffffffffffffffffffffffffffaaaaaaaaaaaaaaaaaaaaaaaaaaaaaaaaaaaaaaaaaaaaaaaaa
--- legend ---
a = fg:text bg:black
b = fg:text_highlight bg:black
c = fg:panel_border_focus bg:panel_bg
d = fg:panel_border bg:panel_bg
e = fg:text bg:panel_bg
f = fg:text_dim bg:black
--- overlays ---
under sprite 184,48 256x256  portraits/test_lord/happy.png 0,0 32x32
under sprite 504,48 256x256  portraits/test_lord/happy.png 0,0 32x32 flip opacity=128
