---
source: crates/ui/src/screens/lead_select/tests.rs
expression: h.snapshot()
---
                                                                                                    
                                          Choose your lead                                          
                                                                                                    
              ┌────────────────────────────────┐    ┌────────────────────────────────┐              
              │                                │    │                                │              
              │                                │    │                                │              
              │                                │    │                                │              
              │                                │    │                                │              
              │            ╔═ First name ═══════════════════════════════╗            │              
              │            ║                                            ║            │              
              │            ║                    Ell_                    ║            │              
              │            ║                                            ║            │              
              │            ║   A  B  C  D  E  F  G  H  I  J  K  L  M    ║            │              
              │            ║                                            ║            │              
              │            ║   N  O  P  Q  R  S  T  U  V  W  X  Y  Z    ║            │              
              │            ║                                            ║            │              
              │            ║   a  b  c  d  e  f  g  h  i  j  k  l  m    ║            │              
              │            ║                                            ║            │              
              │            ║   n  o  p  q  r  s  t  u  v  w  x  y  z    ║            │              
              │            ║                                            ║            │              
              └────────────║         -  '  Blank  Delete  Done          ║────────────┘              
                           ╚════════════════════════════════════════════╝                           
                                                                                                    
                                                                                                    
                                          Name   Ell Veyne                                          
                                                                                                    
                                                                                                    
                                             [ Start ]                                              
                                                                                                    
                                                                                                    
                                                                                                    
                                 arrows choose · f type · d delete                                  
--- colours ---
aaaaaaaaaaaaaaaaaaaaaaaaaaaaaaaaaaaaaaaaaaaaaaaaaaaaaaaaaaaaaaaaaaaaaaaaaaaaaaaaaaaaaaaaaaaaaaaaaaaa
aaaaaaaaaaaaaaaaaaaaaaaaaaaaaaaaaaaaaaaaaabbbbbbbbbbbbbbbbaaaaaaaaaaaaaaaaaaaaaaaaaaaaaaaaaaaaaaaaaa
aaaaaaaaaaaaaaaaaaaaaaaaaaaaaaaaaaaaaaaaaaaaaaaaaaaaaaaaaaaaaaaaaaaaaaaaaaaaaaaaaaaaaaaaaaaaaaaaaaaa
aaaaaaaaaaaaaaccccccccccccccccccccccccccccccccccaaaaddddddddddddddddddddddddddddddddddaaaaaaaaaaaaaa
aaaaaaaaaaaaaaceeeeeeeeeeeeeeeeeeeeeeeeeeeeeeeecaaaadeeeeeeeeeeeeeeeeeeeeeeeeeeeeeeeedaaaaaaaaaaaaaa
aaaaaaaaaaaaaaceeeeeeeeeeeeeeeeeeeeeeeeeeeeeeeecaaaadeeeeeeeeeeeeeeeeeeeeeeeeeeeeeeeedaaaaaaaaaaaaaa
aaaaaaaaaaaaaaceeeeeeeeeeeeeeeeeeeeeeeeeeeeeeeecaaaadeeeeeeeeeeeeeeeeeeeeeeeeeeeeeeeedaaaaaaaaaaaaaa
aaaaaaaaaaaaaaceeeeeeeeeeeeeeeeeeeeeeeeeeeeeeeecaaaadeeeeeeeeeeeeeeeeeeeeeeeeeeeeeeeedaaaaaaaaaaaaaa
aaaaaaaaaaaaaaceeeeeeeeeeeeccffffffffffffcccccccccccccccccccccccccccccccceeeeeeeeeeeedaaaaaaaaaaaaaa
aaaaaaaaaaaaaaceeeeeeeeeeeeceeeeeeeeeeeeeeeeeeeeeeeeeeeeeeeeeeeeeeeeeeeeceeeeeeeeeeeedaaaaaaaaaaaaaa
aaaaaaaaaaaaaaceeeeeeeeeeeeceeeeeeeeeeeeeeeeeeeeeeeeeeeeeeeeeeeeeeeeeeeeceeeeeeeeeeeedaaaaaaaaaaaaaa
aaaaaaaaaaaaaaceeeeeeeeeeeeceeeeeeeeeeeeeeeeeeeeeeeeeeeeeeeeeeeeeeeeeeeeceeeeeeeeeeeedaaaaaaaaaaaaaa
aaaaaaaaaaaaaaceeeeeeeeeeeeceeeeeeeeeeeeeeeeeeeeeeeeeeeeeeeeeeeeeeeeeeeeceeeeeeeeeeeedaaaaaaaaaaaaaa
aaaaaaaaaaaaaaceeeeeeeeeeeeceeeeeeeeeeeeeeeeeeeeeeeeeeeeeeeeeeeeeeeeeeeeceeeeeeeeeeeedaaaaaaaaaaaaaa
aaaaaaaaaaaaaaceeeeeeeeeeeeceegggeeeeeeeeeeeeeeeeeeeeeeeeeeeeeeeeeeeeeeeceeeeeeeeeeeedaaaaaaaaaaaaaa
aaaaaaaaaaaaaaceeeeeeeeeeeeceeeeeeeeeeeeeeeeeeeeeeeeeeeeeeeeeeeeeeeeeeeeceeeeeeeeeeeedaaaaaaaaaaaaaa
aaaaaaaaaaaaaaceeeeeeeeeeeeceeeeeeeeeeeeeeeeeeeeeeeeeeeeeeeeeeeeeeeeeeeeceeeeeeeeeeeedaaaaaaaaaaaaaa
aaaaaaaaaaaaaaceeeeeeeeeeeeceeeeeeeeeeeeeeeeeeeeeeeeeeeeeeeeeeeeeeeeeeeeceeeeeeeeeeeedaaaaaaaaaaaaaa
aaaaaaaaaaaaaaceeeeeeeeeeeeceeeeeeeeeeeeeeeeeeeeeeeeeeeeeeeeeeeeeeeeeeeeceeeeeeeeeeeedaaaaaaaaaaaaaa
aaaaaaaaaaaaaaceeeeeeeeeeeeceeeeeeeeeeeeeeeeeeeeeeeeeeeeeeeeeeeeeeeeeeeeceeeeeeeeeeeedaaaaaaaaaaaaaa
aaaaaaaaaaaaaacccccccccccccceeeeeeeeeeeeeeeeeeeeeeeeeeeeeeeeeeeeeeeeeeeecdddddddddddddaaaaaaaaaaaaaa
aaaaaaaaaaaaaaaaaaaaaaaaaaaccccccccccccccccccccccccccccccccccccccccccccccaaaaaaaaaaaaaaaaaaaaaaaaaaa
aaaaaaaaaaaaaaaaaaaaaaaaaaaaaaaaaaaaaaaaaaaaaaaaaaaaaaaaaaaaaaaaaaaaaaaaaaaaaaaaaaaaaaaaaaaaaaaaaaaa
aaaaaaaaaaaaaaaaaaaaaaaaaaaaaaaaaaaaaaaaaaaaaaaaaaaaaaaaaaaaaaaaaaaaaaaaaaaaaaaaaaaaaaaaaaaaaaaaaaaa
aaaaaaaaaaaaaaaaaaaaaaaaaaaaaaaaaaaaaaaaaahhhhaaaaaaahhhhhaaaaaaaaaaaaaaaaaaaaaaaaaaaaaaaaaaaaaaaaaa
aaaaaaaaaaaaaaaaaaaaaaaaaaaaaaaaaaaaaaaaaaaaaaaaaaaaaaaaaaaaaaaaaaaaaaaaaaaaaaaaaaaaaaaaaaaaaaaaaaaa
aaaaaaaaaaaaaaaaaaaaaaaaaaaaaaaaaaaaaaaaaaaaaaaaaaaaaaaaaaaaaaaaaaaaaaaaaaaaaaaaaaaaaaaaaaaaaaaaaaaa
aaaaaaaaaaaaaaaaaaaaaaaaaaaaaaaaaaaaaaaaaaaaaaaaaaaaaaaaaaaaaaaaaaaaaaaaaaaaaaaaaaaaaaaaaaaaaaaaaaaa
aaaaaaaaaaaaaaaaaaaaaaaaaaaaaaaaaaaaaaaaaaaaaaaaaaaaaaaaaaaaaaaaaaaaaaaaaaaaaaaaaaaaaaaaaaaaaaaaaaaa
aaaaaaaaaaaaaaaaaaaaaaaaaaaaaaaaaaaaaaaaaaaaaaaaaaaaaaaaaaaaaaaaaaaaaaaaaaaaaaaaaaaaaaaaaaaaaaaaaaaa
aaaaaaaaaaaaaaaaaaaaaaaaaaaaaaaaaaaaaaaaaaaaaaaaaaaaaaaaaaaaaaaaaaaaaaaaaaaaaaaaaaaaaaaaaaaaaaaaaaaa
aaaaaaaaaaaaaaaaaaaaaaaaaaaaaaaaahhhhhhhhhhhhhhhhhhhhhhhhhhhhhhhhhaaaaaaaaaaaaaaaaaaaaaaaaaaaaaaaaaa
--- legend ---
a = fg:text bg:black
b = fg:text_highlight bg:black
c = fg:panel_border bg:panel_bg
d = fg:panel_border_focus bg:panel_bg
e = fg:text bg:panel_bg
f = fg:text_highlight bg:panel_bg
g = fg:panel_bg bg:panel_border_focus
h = fg:text_dim bg:black
--- overlays ---
under sprite 120,64 256x256  portraits/lead_m/neutral.png 0,0 32x32 opacity=140 clip=120,64 256x64
under sprite 120,64 256x256  portraits/lead_m/neutral.png 0,0 32x32 opacity=140 clip=120,128 96x192
under sprite 424,64 256x256  portraits/lead_f/neutral.png 0,0 32x32 clip=424,64 256x64
under sprite 424,64 256x256  portraits/lead_f/neutral.png 0,0 32x32 clip=584,128 96x192
